Archive member included to satisfy reference by file (symbol)

c:/st/stm32cubeide_1.11.2/stm32cubeide/plugins/com.st.stm32cube.ide.mcu.externaltools.gnu-tools-for-stm32.10.3-2021.10.win32_1.0.100.202210260954/tools/bin/../lib/gcc/arm-none-eabi/10.3.1/../../../../arm-none-eabi/lib/thumb/v7-m/nofp\libc_nano.a(lib_a-errno.o)
                              ./Core/Src/syscalls.o (__errno)
c:/st/stm32cubeide_1.11.2/stm32cubeide/plugins/com.st.stm32cube.ide.mcu.externaltools.gnu-tools-for-stm32.10.3-2021.10.win32_1.0.100.202210260954/tools/bin/../lib/gcc/arm-none-eabi/10.3.1/../../../../arm-none-eabi/lib/thumb/v7-m/nofp\libc_nano.a(lib_a-exit.o)
                              c:/st/stm32cubeide_1.11.2/stm32cubeide/plugins/com.st.stm32cube.ide.mcu.externaltools.gnu-tools-for-stm32.10.3-2021.10.win32_1.0.100.202210260954/tools/bin/../lib/gcc/arm-none-eabi/10.3.1/../../../../arm-none-eabi/lib/thumb/v7-m/nofp/crt0.o (exit)
c:/st/stm32cubeide_1.11.2/stm32cubeide/plugins/com.st.stm32cube.ide.mcu.externaltools.gnu-tools-for-stm32.10.3-2021.10.win32_1.0.100.202210260954/tools/bin/../lib/gcc/arm-none-eabi/10.3.1/../../../../arm-none-eabi/lib/thumb/v7-m/nofp\libc_nano.a(lib_a-impure.o)
                              c:/st/stm32cubeide_1.11.2/stm32cubeide/plugins/com.st.stm32cube.ide.mcu.externaltools.gnu-tools-for-stm32.10.3-2021.10.win32_1.0.100.202210260954/tools/bin/../lib/gcc/arm-none-eabi/10.3.1/../../../../arm-none-eabi/lib/thumb/v7-m/nofp\libc_nano.a(lib_a-exit.o) (_global_impure_ptr)
c:/st/stm32cubeide_1.11.2/stm32cubeide/plugins/com.st.stm32cube.ide.mcu.externaltools.gnu-tools-for-stm32.10.3-2021.10.win32_1.0.100.202210260954/tools/bin/../lib/gcc/arm-none-eabi/10.3.1/../../../../arm-none-eabi/lib/thumb/v7-m/nofp\libc_nano.a(lib_a-init.o)
                              c:/st/stm32cubeide_1.11.2/stm32cubeide/plugins/com.st.stm32cube.ide.mcu.externaltools.gnu-tools-for-stm32.10.3-2021.10.win32_1.0.100.202210260954/tools/bin/../lib/gcc/arm-none-eabi/10.3.1/../../../../arm-none-eabi/lib/thumb/v7-m/nofp/crt0.o (__libc_init_array)
c:/st/stm32cubeide_1.11.2/stm32cubeide/plugins/com.st.stm32cube.ide.mcu.externaltools.gnu-tools-for-stm32.10.3-2021.10.win32_1.0.100.202210260954/tools/bin/../lib/gcc/arm-none-eabi/10.3.1/../../../../arm-none-eabi/lib/thumb/v7-m/nofp\libc_nano.a(lib_a-memcpy-stub.o)
                              ./Core/Src/main.o (memcpy)
c:/st/stm32cubeide_1.11.2/stm32cubeide/plugins/com.st.stm32cube.ide.mcu.externaltools.gnu-tools-for-stm32.10.3-2021.10.win32_1.0.100.202210260954/tools/bin/../lib/gcc/arm-none-eabi/10.3.1/../../../../arm-none-eabi/lib/thumb/v7-m/nofp\libc_nano.a(lib_a-memset.o)
                              c:/st/stm32cubeide_1.11.2/stm32cubeide/plugins/com.st.stm32cube.ide.mcu.externaltools.gnu-tools-for-stm32.10.3-2021.10.win32_1.0.100.202210260954/tools/bin/../lib/gcc/arm-none-eabi/10.3.1/../../../../arm-none-eabi/lib/thumb/v7-m/nofp/crt0.o (memset)

Discarded input sections

 .text          0x0000000000000000        0x0 c:/st/stm32cubeide_1.11.2/stm32cubeide/plugins/com.st.stm32cube.ide.mcu.externaltools.gnu-tools-for-stm32.10.3-2021.10.win32_1.0.100.202210260954/tools/bin/../lib/gcc/arm-none-eabi/10.3.1/thumb/v7-m/nofp/crti.o
 .data          0x0000000000000000        0x0 c:/st/stm32cubeide_1.11.2/stm32cubeide/plugins/com.st.stm32cube.ide.mcu.externaltools.gnu-tools-for-stm32.10.3-2021.10.win32_1.0.100.202210260954/tools/bin/../lib/gcc/arm-none-eabi/10.3.1/thumb/v7-m/nofp/crti.o
 .bss           0x0000000000000000        0x0 c:/st/stm32cubeide_1.11.2/stm32cubeide/plugins/com.st.stm32cube.ide.mcu.externaltools.gnu-tools-for-stm32.10.3-2021.10.win32_1.0.100.202210260954/tools/bin/../lib/gcc/arm-none-eabi/10.3.1/thumb/v7-m/nofp/crti.o
 .data          0x0000000000000000        0x4 c:/st/stm32cubeide_1.11.2/stm32cubeide/plugins/com.st.stm32cube.ide.mcu.externaltools.gnu-tools-for-stm32.10.3-2021.10.win32_1.0.100.202210260954/tools/bin/../lib/gcc/arm-none-eabi/10.3.1/thumb/v7-m/nofp/crtbegin.o
 .rodata        0x0000000000000000       0x24 c:/st/stm32cubeide_1.11.2/stm32cubeide/plugins/com.st.stm32cube.ide.mcu.externaltools.gnu-tools-for-stm32.10.3-2021.10.win32_1.0.100.202210260954/tools/bin/../lib/gcc/arm-none-eabi/10.3.1/thumb/v7-m/nofp/crtbegin.o
 .text          0x0000000000000000       0x7c c:/st/stm32cubeide_1.11.2/stm32cubeide/plugins/com.st.stm32cube.ide.mcu.externaltools.gnu-tools-for-stm32.10.3-2021.10.win32_1.0.100.202210260954/tools/bin/../lib/gcc/arm-none-eabi/10.3.1/../../../../arm-none-eabi/lib/thumb/v7-m/nofp/crt0.o
 .data          0x0000000000000000        0x0 c:/st/stm32cubeide_1.11.2/stm32cubeide/plugins/com.st.stm32cube.ide.mcu.externaltools.gnu-tools-for-stm32.10.3-2021.10.win32_1.0.100.202210260954/tools/bin/../lib/gcc/arm-none-eabi/10.3.1/../../../../arm-none-eabi/lib/thumb/v7-m/nofp/crt0.o
[...]
Memory Configuration

Name             Origin             Length             Attributes
RAM              0x0000000020000000 0x0000000000005000 xrw
FLASH            0x0000000008000000 0x0000000000010000 xr
*default*        0x0000000000000000 0xffffffffffffffff

Linker script and memory map

LOAD c:/st/stm32cubeide_1.11.2/stm32cubeide/plugins/com.st.stm32cube.ide.mcu.externaltools.gnu-tools-for-stm32.10.3-2021.10.win32_1.0.100.202210260954/tools/bin/../lib/gcc/arm-none-eabi/10.3.1/thumb/v7-m/nofp/crti.o
LOAD c:/st/stm32cubeide_1.11.2/stm32cubeide/plugins/com.st.stm32cube.ide.mcu.externaltools.gnu-tools-for-stm32.10.3-2021.10.win32_1.0.100.202210260954/tools/bin/../lib/gcc/arm-none-eabi/10.3.1/thumb/v7-m/nofp/crtbegin.o
LOAD c:/st/stm32cubeide_1.11.2/stm32cubeide/plugins/com.st.stm32cube.ide.mcu.externaltools.gnu-tools-for-stm32.10.3-2021.10.win32_1.0.100.202210260954/tools/bin/../lib/gcc/arm-none-eabi/10.3.1/../../../../arm-none-eabi/lib/thumb/v7-m/nofp/crt0.o
LOAD ./Core/Src/decode.o
LOAD ./Core/Src/eeprom.o
LOAD ./Core/Src/init.o
LOAD ./Core/Src/keyscan.o
LOAD ./Core/Src/main.o
LOAD ./Core/Src/stm32f1xx_hal_msp.o
LOAD ./Core/Src/stm32f1xx_it.o
LOAD ./Core/Src/syscalls.o
LOAD ./Core/Src/sysmem.o
LOAD ./Core/Src/system_stm32f1xx.o
LOAD ./Core/Startup/startup_stm32f103c8tx.o
LOAD ./Drivers/STM32F1xx_HAL_Driver/Src/stm32f1xx_hal.o
LOAD ./Drivers/STM32F1xx_HAL_Driver/Src/stm32f1xx_hal_cortex.o
LOAD ./Drivers/STM32F1xx_HAL_Driver/Src/stm32f1xx_hal_dma.o
LOAD ./Drivers/STM32F1xx_HAL_Driver/Src/stm32f1xx_hal_exti.o
LOAD ./Drivers/STM32F1xx_HAL_Driver/Src/stm32f1xx_hal_flash.o
LOAD ./Drivers/STM32F1xx_HAL_Driver/Src/stm32f1xx_hal_flash_ex.o
LOAD ./Drivers/STM32F1xx_HAL_Driver/Src/stm32f1xx_hal_gpio.o
LOAD ./Drivers/STM32F1xx_HAL_Driver/Src/stm32f1xx_hal_gpio_ex.o
LOAD ./Drivers/STM32F1xx_HAL_Driver/Src/stm32f1xx_hal_pcd.o
LOAD ./Drivers/STM32F1xx_HAL_Driver/Src/stm32f1xx_hal_pcd_ex.o
LOAD ./Drivers/STM32F1xx_HAL_Driver/Src/stm32f1xx_hal_pwr.o
LOAD ./Drivers/STM32F1xx_HAL_Driver/Src/stm32f1xx_hal_rcc.o
LOAD ./Drivers/STM32F1xx_HAL_Driver/Src/stm32f1xx_hal_rcc_ex.o
LOAD ./Drivers/STM32F1xx_HAL_Driver/Src/stm32f1xx_hal_tim.o
LOAD ./Drivers/STM32F1xx_HAL_Driver/Src/stm32f1xx_hal_tim_ex.o
LOAD ./Drivers/STM32F1xx_HAL_Driver/Src/stm32f1xx_ll_usb.o
LOAD ./Middlewares/ST/STM32_USB_Device_Library/Class/HID/Src/usbd_hid.o
LOAD ./Middlewares/ST/STM32_USB_Device_Library/Core/Src/usbd_core.o
LOAD ./Middlewares/ST/STM32_USB_Device_Library/Core/Src/usbd_ctlreq.o
LOAD ./Middlewares/ST/STM32_USB_Device_Library/Core/Src/usbd_ioreq.o
LOAD ./USB_DEVICE/App/usb_device.o
LOAD ./USB_DEVICE/App/usbd_desc.o
LOAD ./USB_DEVICE/Target/usbd_conf.o
START GROUP
LOAD c:/st/stm32cubeide_1.11.2/stm32cubeide/plugins/com.st.stm32cube.ide.mcu.externaltools.gnu-tools-for-stm32.10.3-2021.10.win32_1.0.100.202210260954/tools/bin/../lib/gcc/arm-none-eabi/10.3.1/../../../../arm-none-eabi/lib/thumb/v7-m/nofp\libc_nano.a
LOAD c:/st/stm32cubeide_1.11.2/stm32cubeide/plugins/com.st.stm32cube.ide.mcu.externaltools.gnu-tools-for-stm32.10.3-2021.10.win32_1.0.100.202210260954/tools/bin/../lib/gcc/arm-none-eabi/10.3.1/../../../../arm-none-eabi/lib/thumb/v7-m/nofp\libm.a
END GROUP
START GROUP
LOAD c:/st/stm32cubeide_1.11.2/stm32cubeide/plugins/com.st.stm32cube.ide.mcu.externaltools.gnu-tools-for-stm32.10.3-2021.10.win32_1.0.100.202210260954/tools/bin/../lib/gcc/arm-none-eabi/10.3.1/thumb/v7-m/nofp\libgcc.a
LOAD c:/st/stm32cubeide_1.11.2/stm32cubeide/plugins/com.st.stm32cube.ide.mcu.externaltools.gnu-tools-for-stm32.10.3-2021.10.win32_1.0.100.202210260954/tools/bin/../lib/gcc/arm-none-eabi/10.3.1/../../../../arm-none-eabi/lib/thumb/v7-m/nofp\libc_nano.a
END GROUP
START GROUP
LOAD c:/st/stm32cubeide_1.11.2/stm32cubeide/plugins/com.st.stm32cube.ide.mcu.externaltools.gnu-tools-for-stm32.10.3-2021.10.win32_1.0.100.202210260954/tools/bin/../lib/gcc/arm-none-eabi/10.3.1/thumb/v7-m/nofp\libgcc.a
LOAD c:/st/stm32cubeide_1.11.2/stm32cubeide/plugins/com.st.stm32cube.ide.mcu.externaltools.gnu-tools-for-stm32.10.3-2021.10.win32_1.0.100.202210260954/tools/bin/../lib/gcc/arm-none-eabi/10.3.1/../../../../arm-none-eabi/lib/thumb/v7-m/nofp\libc_nano.a
LOAD c:/st/stm32cubeide_1.11.2/stm32cubeide/plugins/com.st.stm32cube.ide.mcu.externaltools.gnu-tools-for-stm32.10.3-2021.10.win32_1.0.100.202210260954/tools/bin/../lib/gcc/arm-none-eabi/10.3.1/../../../../arm-none-eabi/lib/thumb/v7-m/nofp\libnosys.a
END GROUP
START GROUP
LOAD c:/st/stm32cubeide_1.11.2/stm32cubeide/plugins/com.st.stm32cube.ide.mcu.externaltools.gnu-tools-for-stm32.10.3-2021.10.win32_1.0.100.202210260954/tools/bin/../lib/gcc/arm-none-eabi/10.3.1/thumb/v7-m/nofp\libgcc.a
LOAD c:/st/stm32cubeide_1.11.2/stm32cubeide/plugins/com.st.stm32cube.ide.mcu.externaltools.gnu-tools-for-stm32.10.3-2021.10.win32_1.0.100.202210260954/tools/bin/../lib/gcc/arm-none-eabi/10.3.1/../../../../arm-none-eabi/lib/thumb/v7-m/nofp\libc_nano.a
LOAD c:/st/stm32cubeide_1.11.2/stm32cubeide/plugins/com.st.stm32cube.ide.mcu.externaltools.gnu-tools-for-stm32.10.3-2021.10.win32_1.0.100.202210260954/tools/bin/../lib/gcc/arm-none-eabi/10.3.1/../../../../arm-none-eabi/lib/thumb/v7-m/nofp\libnosys.a
END GROUP
LOAD c:/st/stm32cubeide_1.11.2/stm32cubeide/plugins/com.st.stm32cube.ide.mcu.externaltools.gnu-tools-for-stm32.10.3-2021.10.win32_1.0.100.202210260954/tools/bin/../lib/gcc/arm-none-eabi/10.3.1/thumb/v7-m/nofp/crtend.o
LOAD c:/st/stm32cubeide_1.11.2/stm32cubeide/plugins/com.st.stm32cube.ide.mcu.externaltools.gnu-tools-for-stm32.10.3-2021.10.win32_1.0.100.202210260954/tools/bin/../lib/gcc/arm-none-eabi/10.3.1/thumb/v7-m/nofp/crtn.o
                0x0000000020005000                _estack = (ORIGIN (RAM) + LENGTH (RAM))
                0x0000000000000200                _Min_Heap_Size = 0x200
                0x0000000000000400                _Min_Stack_Size = 0x400

.isr_vector     0x0000000008000000      0x10c
                0x0000000008000000                . = ALIGN (0x4)
 *(.isr_vector)
 .isr_vector    0x0000000008000000      0x10c ./Core/Startup/startup_stm32f103c8tx.o
                0x0000000008000000                g_pfnVectors
                0x000000000800010c                . = ALIGN (0x4)

.text           0x000000000800010c     0x8be4
                0x000000000800010c                . = ALIGN (0x4)
 *(.text)
 .text          0x000000000800010c       0x40 c:/st/stm32cubeide_1.11.2/stm32cubeide/plugins/com.st.stm32cube.ide.mcu.externaltools.gnu-tools-for-stm32.10.3-2021.10.win32_1.0.100.202210260954/tools/bin/../lib/gcc/arm-none-eabi/10.3.1/thumb/v7-m/nofp/crtbegin.o
 *(.text*)
 .text.decode_usb
                0x000000000800014c       0x7c ./Core/Src/decode.o
                0x000000000800014c                decode_usb
 .text.decode_uart
                0x00000000080001c8       0xa4 ./Core/Src/decode.o
                0x00000000080001c8                decode_uart
 .text.lookup_char
                0x000000000800026c       0xac ./Core/Src/decode.o
                0x000000000800026c                lookup_char
 .text.reset_layout
                0x0000000008000318       0xa0 ./Core/Src/decode.o
                0x0000000008000318                reset_layout
 .text.swap     0x00000000080003b8       0x94 ./Core/Src/decode.o
                0x00000000080003b8                swap
 .text.get_keyMap
                0x000000000800044c       0x14 ./Core/Src/decode.o
                0x000000000800044c                get_keyMap
 .text.saveLayout
                0x0000000008000460       0xae ./Core/Src/decode.o
                0x0000000008000460                saveLayout
 *fill*         0x000000000800050e        0x2 
 .text.eeprom_start
                0x0000000008000510       0x50 ./Core/Src/eeprom.o
                0x0000000008000510                eeprom_start
 .text.eeprom_stop
                0x0000000008000560       0x3c ./Core/Src/eeprom.o
                0x0000000008000560                eeprom_stop
 .text.eeprom_sendbit
                0x000000000800059c       0x5c ./Core/Src/eeprom.o
                0x000000000800059c                eeprom_sendbit
 .text.eeprom_waitACK
                0x00000000080005f8       0x4c ./Core/Src/eeprom.o
                0x00000000080005f8                eeprom_waitACK
 .text.send_ACK
                0x0000000008000644       0x4c ./Core/Src/eeprom.o
                0x0000000008000644                send_ACK
 .text.eeprom_sendbyte
                0x0000000008000690       0x3e ./Core/Src/eeprom.o
                0x0000000008000690                eeprom_sendbyte
 .text.eeprom_sendcontrol
                0x00000000080006ce       0x46 ./Core/Src/eeprom.o
                0x00000000080006ce                eeprom_sendcontrol
 .text.eeprom_sendAddress
                0x0000000008000714       0x2a ./Core/Src/eeprom.o
                0x0000000008000714                eeprom_sendAddress
 .text.eeprom_byteWrite
                0x000000000800073e       0x36 ./Core/Src/eeprom.o
                0x000000000800073e                eeprom_byteWrite
 .text.eeprom_pageWrite
                0x0000000008000774       0x4e ./Core/Src/eeprom.o
                0x0000000008000774                eeprom_pageWrite
 *fill*         0x00000000080007c2        0x2 
 .text.readbit  0x00000000080007c4       0x4c ./Core/Src/eeprom.o
                0x00000000080007c4                readbit
 .text.readbyte
                0x0000000008000810       0x36 ./Core/Src/eeprom.o
                0x0000000008000810                readbyte
 .text.eeprom_sequentialRead
                0x0000000008000846       0x66 ./Core/Src/eeprom.o
                0x0000000008000846                eeprom_sequentialRead
 .text.SystemClock_Config
                0x00000000080008ac       0xb6 ./Core/Src/init.o
                0x00000000080008ac                SystemClock_Config
 *fill*         0x0000000008000962        0x2 
 .text.init_tim2
                0x0000000008000964       0x58 ./Core/Src/init.o
                0x0000000008000964                init_tim2
 .text.init_usart1
                0x00000000080009bc       0xc0 ./Core/Src/init.o
                0x00000000080009bc                init_usart1
 .text.init_eeprom
                0x0000000008000a7c       0x38 ./Core/Src/init.o
                0x0000000008000a7c                init_eeprom
 .text.enable_ports
                0x0000000008000ab4       0xa8 ./Core/Src/init.o
                0x0000000008000ab4                enable_ports
 .text.Error_Handler
                0x0000000008000b5c        0xa ./Core/Src/init.o
                0x0000000008000b5c                Error_Handler
 *fill*         0x0000000008000b66        0x2 
 .text.update_history
                0x0000000008000b68      0x3e0 ./Core/Src/keyscan.o
                0x0000000008000b68                update_history
 .text.drive_row
                0x0000000008000f48       0x34 ./Core/Src/keyscan.o
                0x0000000008000f48                drive_row
 .text.read_col
                0x0000000008000f7c       0x30 ./Core/Src/keyscan.o
                0x0000000008000f7c                read_col
 .text.get_key_event
                0x0000000008000fac       0x24 ./Core/Src/keyscan.o
                0x0000000008000fac                get_key_event
 .text.get_keypress
                0x0000000008000fd0       0x30 ./Core/Src/keyscan.o
                0x0000000008000fd0                get_keypress
 .text.send_char
                0x0000000008001000       0x24 ./Core/Src/keyscan.o
                0x0000000008001000                send_char
 .text.main     0x0000000008001024       0xb8 ./Core/Src/main.o
                0x0000000008001024                main
 .text.display_sequence
                0x00000000080010dc      0x228 ./Core/Src/main.o
                0x00000000080010dc                display_sequence
 .text.uart_printSeq
                0x0000000008001304       0x3e ./Core/Src/main.o
                0x0000000008001304                uart_printSeq
 *fill*         0x0000000008001342        0x2 
 .text.uart_printChar
                0x0000000008001344       0x34 ./Core/Src/main.o
                0x0000000008001344                uart_printChar
 .text.usb_printKey
                0x0000000008001378       0x64 ./Core/Src/main.o
                0x0000000008001378                usb_printKey
 .text.usb_printChar
                0x00000000080013dc       0x6c ./Core/Src/main.o
                0x00000000080013dc                usb_printChar
 .text.usb_printSeq
                0x0000000008001448       0x3e ./Core/Src/main.o
                0x0000000008001448                usb_printSeq
 *fill*         0x0000000008001486        0x2 
 .text.UI_modify
                0x0000000008001488      0x12c ./Core/Src/main.o
                0x0000000008001488                UI_modify
 .text.display_layout
                0x00000000080015b4       0x9c ./Core/Src/main.o
                0x00000000080015b4                display_layout
 .text.display_key_sequence
                0x0000000008001650       0x5c ./Core/Src/main.o
                0x0000000008001650                display_key_sequence
 .text.setup_sequence
                0x00000000080016ac      0x184 ./Core/Src/main.o
                0x00000000080016ac                setup_sequence
 .text.reset_sequence
                0x0000000008001830       0x74 ./Core/Src/main.o
                0x0000000008001830                reset_sequence
 .text.print_message
                0x00000000080018a4       0x44 ./Core/Src/main.o
                0x00000000080018a4                print_message
 .text.swap_key
                0x00000000080018e8      0x2ec ./Core/Src/main.o
                0x00000000080018e8                swap_key
 .text.saveSeq  0x0000000008001bd4       0x8c ./Core/Src/main.o
                0x0000000008001bd4                saveSeq
 .text.loadSeq  0x0000000008001c60       0xe8 ./Core/Src/main.o
                0x0000000008001c60                loadSeq
 .text.loadLayout
                0x0000000008001d48       0x6e ./Core/Src/main.o
                0x0000000008001d48                loadLayout
 *fill*         0x0000000008001db6        0x2 
 .text.TIM2_IRQHandler
                0x0000000008001db8       0x58 ./Core/Src/main.o
                0x0000000008001db8                TIM2_IRQHandler
 .text.HAL_MspInit
                0x0000000008001e10       0x64 ./Core/Src/stm32f1xx_hal_msp.o
                0x0000000008001e10                HAL_MspInit
 .text.NMI_Handler
                0x0000000008001e74        0x6 ./Core/Src/stm32f1xx_it.o
                0x0000000008001e74                NMI_Handler
 .text.HardFault_Handler
                0x0000000008001e7a        0x6 ./Core/Src/stm32f1xx_it.o
                0x0000000008001e7a                HardFault_Handler
 .text.MemManage_Handler
                0x0000000008001e80        0x6 ./Core/Src/stm32f1xx_it.o
                0x0000000008001e80                MemManage_Handler
 .text.BusFault_Handler
                0x0000000008001e86        0x6 ./Core/Src/stm32f1xx_it.o
                0x0000000008001e86                BusFault_Handler
 .text.UsageFault_Handler
                0x0000000008001e8c        0x6 ./Core/Src/stm32f1xx_it.o
                0x0000000008001e8c                UsageFault_Handler
 .text.SVC_Handler
                0x0000000008001e92        0xc ./Core/Src/stm32f1xx_it.o
                0x0000000008001e92                SVC_Handler
 .text.DebugMon_Handler
                0x0000000008001e9e        0xc ./Core/Src/stm32f1xx_it.o
                0x0000000008001e9e                DebugMon_Handler
 .text.PendSV_Handler
                0x0000000008001eaa        0xc ./Core/Src/stm32f1xx_it.o
                0x0000000008001eaa                PendSV_Handler
 .text.SysTick_Handler
                0x0000000008001eb6        0xc ./Core/Src/stm32f1xx_it.o
                0x0000000008001eb6                SysTick_Handler
 *fill*         0x0000000008001ec2        0x2 
 .text.USB_LP_CAN1_RX0_IRQHandler
                0x0000000008001ec4       0x14 ./Core/Src/stm32f1xx_it.o
                0x0000000008001ec4                USB_LP_CAN1_RX0_IRQHandler
 .text.SystemInit
                0x0000000008001ed8        0xc ./Core/Src/system_stm32f1xx.o
                0x0000000008001ed8                SystemInit
 .text.Reset_Handler
                0x0000000008001ee4       0x48 ./Core/Startup/startup_stm32f103c8tx.o
                0x0000000008001ee4                Reset_Handler
 .text.Default_Handler
                0x0000000008001f2c        0x2 ./Core/Startup/startup_stm32f103c8tx.o
                0x0000000008001f2c                RTC_Alarm_IRQHandler
                0x0000000008001f2c                EXTI2_IRQHandler
                0x0000000008001f2c                TIM1_CC_IRQHandler
                0x0000000008001f2c                PVD_IRQHandler
                0x0000000008001f2c                EXTI3_IRQHandler
                0x0000000008001f2c                EXTI0_IRQHandler
                0x0000000008001f2c                I2C2_EV_IRQHandler
                0x0000000008001f2c                ADC1_2_IRQHandler
                0x0000000008001f2c                SPI1_IRQHandler
                0x0000000008001f2c                TAMPER_IRQHandler
                0x0000000008001f2c                DMA1_Channel4_IRQHandler
                0x0000000008001f2c                USART3_IRQHandler
                0x0000000008001f2c                RTC_IRQHandler
                0x0000000008001f2c                DMA1_Channel7_IRQHandler
                0x0000000008001f2c                CAN1_RX1_IRQHandler
                0x0000000008001f2c                TIM4_IRQHandler
                0x0000000008001f2c                I2C1_EV_IRQHandler
                0x0000000008001f2c                DMA1_Channel6_IRQHandler
                0x0000000008001f2c                TIM3_IRQHandler
                0x0000000008001f2c                RCC_IRQHandler
                0x0000000008001f2c                TIM1_TRG_COM_IRQHandler
                0x0000000008001f2c                DMA1_Channel1_IRQHandler
                0x0000000008001f2c                Default_Handler
                0x0000000008001f2c                EXTI15_10_IRQHandler
                0x0000000008001f2c                EXTI9_5_IRQHandler
                0x0000000008001f2c                SPI2_IRQHandler
                0x0000000008001f2c                DMA1_Channel5_IRQHandler
                0x0000000008001f2c                EXTI4_IRQHandler
                0x0000000008001f2c                USB_HP_CAN1_TX_IRQHandler
                0x0000000008001f2c                DMA1_Channel3_IRQHandler
                0x0000000008001f2c                TIM1_UP_IRQHandler
                0x0000000008001f2c                WWDG_IRQHandler
                0x0000000008001f2c                TIM1_BRK_IRQHandler
                0x0000000008001f2c                EXTI1_IRQHandler
                0x0000000008001f2c                USART2_IRQHandler
                0x0000000008001f2c                I2C2_ER_IRQHandler
                0x0000000008001f2c                DMA1_Channel2_IRQHandler
                0x0000000008001f2c                CAN1_SCE_IRQHandler
                0x0000000008001f2c                FLASH_IRQHandler
                0x0000000008001f2c                USART1_IRQHandler
                0x0000000008001f2c                I2C1_ER_IRQHandler
                0x0000000008001f2c                USBWakeUp_IRQHandler
 *fill*         0x0000000008001f2e        0x2 
 .text.HAL_Init
                0x0000000008001f30       0x2c ./Drivers/STM32F1xx_HAL_Driver/Src/stm32f1xx_hal.o
                0x0000000008001f30                HAL_Init
 .text.HAL_InitTick
                0x0000000008001f5c       0x60 ./Drivers/STM32F1xx_HAL_Driver/Src/stm32f1xx_hal.o
                0x0000000008001f5c                HAL_InitTick
 .text.HAL_IncTick
                0x0000000008001fbc       0x24 ./Drivers/STM32F1xx_HAL_Driver/Src/stm32f1xx_hal.o
                0x0000000008001fbc                HAL_IncTick
 .text.HAL_GetTick
                0x0000000008001fe0       0x14 ./Drivers/STM32F1xx_HAL_Driver/Src/stm32f1xx_hal.o
                0x0000000008001fe0                HAL_GetTick
 .text.HAL_Delay
                0x0000000008001ff4       0x48 ./Drivers/STM32F1xx_HAL_Driver/Src/stm32f1xx_hal.o
                0x0000000008001ff4                HAL_Delay
 .text.__NVIC_SetPriorityGrouping
                0x000000000800203c       0x48 ./Drivers/STM32F1xx_HAL_Driver/Src/stm32f1xx_hal_cortex.o
 .text.__NVIC_GetPriorityGrouping
                0x0000000008002084       0x1c ./Drivers/STM32F1xx_HAL_Driver/Src/stm32f1xx_hal_cortex.o
 .text.__NVIC_EnableIRQ
                0x00000000080020a0       0x38 ./Drivers/STM32F1xx_HAL_Driver/Src/stm32f1xx_hal_cortex.o
 .text.__NVIC_SetPriority
                0x00000000080020d8       0x54 ./Drivers/STM32F1xx_HAL_Driver/Src/stm32f1xx_hal_cortex.o
 .text.NVIC_EncodePriority
                0x000000000800212c       0x64 ./Drivers/STM32F1xx_HAL_Driver/Src/stm32f1xx_hal_cortex.o
 .text.SysTick_Config
                0x0000000008002190       0x44 ./Drivers/STM32F1xx_HAL_Driver/Src/stm32f1xx_hal_cortex.o
 .text.HAL_NVIC_SetPriorityGrouping
                0x00000000080021d4       0x16 ./Drivers/STM32F1xx_HAL_Driver/Src/stm32f1xx_hal_cortex.o
                0x00000000080021d4                HAL_NVIC_SetPriorityGrouping
 .text.HAL_NVIC_SetPriority
                0x00000000080021ea       0x38 ./Drivers/STM32F1xx_HAL_Driver/Src/stm32f1xx_hal_cortex.o
                0x00000000080021ea                HAL_NVIC_SetPriority
 .text.HAL_NVIC_EnableIRQ
                0x0000000008002222       0x1c ./Drivers/STM32F1xx_HAL_Driver/Src/stm32f1xx_hal_cortex.o
                0x0000000008002222                HAL_NVIC_EnableIRQ
 .text.HAL_SYSTICK_Config
                0x000000000800223e       0x18 ./Drivers/STM32F1xx_HAL_Driver/Src/stm32f1xx_hal_cortex.o
                0x000000000800223e                HAL_SYSTICK_Config
 .text.HAL_PCD_Init
                0x0000000008002256      0x216 ./Drivers/STM32F1xx_HAL_Driver/Src/stm32f1xx_hal_pcd.o
                0x0000000008002256                HAL_PCD_Init
 .text.HAL_PCD_Start
                0x000000000800246c       0x4c ./Drivers/STM32F1xx_HAL_Driver/Src/stm32f1xx_hal_pcd.o
                0x000000000800246c                HAL_PCD_Start
 .text.HAL_PCD_IRQHandler
                0x00000000080024b8      0x2a6 ./Drivers/STM32F1xx_HAL_Driver/Src/stm32f1xx_hal_pcd.o
                0x00000000080024b8                HAL_PCD_IRQHandler
 .text.HAL_PCD_SetAddress
                0x000000000800275e       0x4a ./Drivers/STM32F1xx_HAL_Driver/Src/stm32f1xx_hal_pcd.o
                0x000000000800275e                HAL_PCD_SetAddress
 .text.HAL_PCD_EP_Open
                0x00000000080027a8       0xcc ./Drivers/STM32F1xx_HAL_Driver/Src/stm32f1xx_hal_pcd.o
                0x00000000080027a8                HAL_PCD_EP_Open
 .text.HAL_PCD_EP_Close
                0x0000000008002874       0x90 ./Drivers/STM32F1xx_HAL_Driver/Src/stm32f1xx_hal_pcd.o
                0x0000000008002874                HAL_PCD_EP_Close
 .text.HAL_PCD_EP_Receive
                0x0000000008002904       0x7a ./Drivers/STM32F1xx_HAL_Driver/Src/stm32f1xx_hal_pcd.o
                0x0000000008002904                HAL_PCD_EP_Receive
 .text.HAL_PCD_EP_Transmit
                0x000000000800297e       0x86 ./Drivers/STM32F1xx_HAL_Driver/Src/stm32f1xx_hal_pcd.o
                0x000000000800297e                HAL_PCD_EP_Transmit
 .text.HAL_PCD_EP_SetStall
                0x0000000008002a04       0xc0 ./Drivers/STM32F1xx_HAL_Driver/Src/stm32f1xx_hal_pcd.o
                0x0000000008002a04                HAL_PCD_EP_SetStall
 .text.HAL_PCD_EP_ClrStall
                0x0000000008002ac4       0xa8 ./Drivers/STM32F1xx_HAL_Driver/Src/stm32f1xx_hal_pcd.o
                0x0000000008002ac4                HAL_PCD_EP_ClrStall
 .text.PCD_EP_ISR_Handler
                0x0000000008002b6c      0x600 ./Drivers/STM32F1xx_HAL_Driver/Src/stm32f1xx_hal_pcd.o
 .text.HAL_PCD_EP_DB_Receive
                0x000000000800316c      0x21a ./Drivers/STM32F1xx_HAL_Driver/Src/stm32f1xx_hal_pcd.o
 .text.HAL_PCD_EP_DB_Transmit
                0x0000000008003386      0x7a4 ./Drivers/STM32F1xx_HAL_Driver/Src/stm32f1xx_hal_pcd.o
 .text.HAL_PCDEx_PMAConfig
                0x0000000008003b2a       0x84 ./Drivers/STM32F1xx_HAL_Driver/Src/stm32f1xx_hal_pcd_ex.o
                0x0000000008003b2a                HAL_PCDEx_PMAConfig
 *fill*         0x0000000008003bae        0x2 
 .text.HAL_RCC_OscConfig
                0x0000000008003bb0      0x504 ./Drivers/STM32F1xx_HAL_Driver/Src/stm32f1xx_hal_rcc.o
                0x0000000008003bb0                HAL_RCC_OscConfig
 .text.HAL_RCC_ClockConfig
                0x00000000080040b4      0x1d4 ./Drivers/STM32F1xx_HAL_Driver/Src/stm32f1xx_hal_rcc.o
                0x00000000080040b4                HAL_RCC_ClockConfig
 .text.HAL_RCC_GetSysClockFreq
                0x0000000008004288       0xbc ./Drivers/STM32F1xx_HAL_Driver/Src/stm32f1xx_hal_rcc.o
                0x0000000008004288                HAL_RCC_GetSysClockFreq
 .text.RCC_Delay
                0x0000000008004344       0x3c ./Drivers/STM32F1xx_HAL_Driver/Src/stm32f1xx_hal_rcc.o
 .text.HAL_RCCEx_PeriphCLKConfig
                0x0000000008004380      0x16c ./Drivers/STM32F1xx_HAL_Driver/Src/stm32f1xx_hal_rcc_ex.o
                0x0000000008004380                HAL_RCCEx_PeriphCLKConfig
 .text.USB_CoreInit
                0x00000000080044ec       0x20 ./Drivers/STM32F1xx_HAL_Driver/Src/stm32f1xx_ll_usb.o
                0x00000000080044ec                USB_CoreInit
 .text.USB_EnableGlobalInt
                0x000000000800450c       0x2c ./Drivers/STM32F1xx_HAL_Driver/Src/stm32f1xx_ll_usb.o
                0x000000000800450c                USB_EnableGlobalInt
 .text.USB_DisableGlobalInt
                0x0000000008004538       0x34 ./Drivers/STM32F1xx_HAL_Driver/Src/stm32f1xx_ll_usb.o
                0x0000000008004538                USB_DisableGlobalInt
 .text.USB_SetCurrentMode
                0x000000000800456c       0x18 ./Drivers/STM32F1xx_HAL_Driver/Src/stm32f1xx_ll_usb.o
                0x000000000800456c                USB_SetCurrentMode
 .text.USB_DevInit
                0x0000000008004584       0x40 ./Drivers/STM32F1xx_HAL_Driver/Src/stm32f1xx_ll_usb.o
                0x0000000008004584                USB_DevInit
 .text.USB_ActivateEndpoint
                0x00000000080045c4      0x6d4 ./Drivers/STM32F1xx_HAL_Driver/Src/stm32f1xx_ll_usb.o
                0x00000000080045c4                USB_ActivateEndpoint
 .text.USB_DeactivateEndpoint
                0x0000000008004c98      0x3d8 ./Drivers/STM32F1xx_HAL_Driver/Src/stm32f1xx_ll_usb.o
                0x0000000008004c98                USB_DeactivateEndpoint
 .text.USB_EPStartXfer
                0x0000000008005070     0x1c70 ./Drivers/STM32F1xx_HAL_Driver/Src/stm32f1xx_ll_usb.o
                0x0000000008005070                USB_EPStartXfer
 .text.USB_EPSetStall
                0x0000000008006ce0       0xa0 ./Drivers/STM32F1xx_HAL_Driver/Src/stm32f1xx_ll_usb.o
                0x0000000008006ce0                USB_EPSetStall
 .text.USB_EPClearStall
                0x0000000008006d80      0x15a ./Drivers/STM32F1xx_HAL_Driver/Src/stm32f1xx_ll_usb.o
                0x0000000008006d80                USB_EPClearStall
 .text.USB_SetDevAddress
                0x0000000008006eda       0x26 ./Drivers/STM32F1xx_HAL_Driver/Src/stm32f1xx_ll_usb.o
                0x0000000008006eda                USB_SetDevAddress
 .text.USB_DevConnect
                0x0000000008006f00       0x14 ./Drivers/STM32F1xx_HAL_Driver/Src/stm32f1xx_ll_usb.o
                0x0000000008006f00                USB_DevConnect
 .text.USB_DevDisconnect
                0x0000000008006f14       0x14 ./Drivers/STM32F1xx_HAL_Driver/Src/stm32f1xx_ll_usb.o
                0x0000000008006f14                USB_DevDisconnect
 .text.USB_ReadInterrupts
                0x0000000008006f28       0x1e ./Drivers/STM32F1xx_HAL_Driver/Src/stm32f1xx_ll_usb.o
                0x0000000008006f28                USB_ReadInterrupts
 .text.USB_EP0_OutStart
                0x0000000008006f46       0x16 ./Drivers/STM32F1xx_HAL_Driver/Src/stm32f1xx_ll_usb.o
                0x0000000008006f46                USB_EP0_OutStart
 .text.USB_WritePMA
                0x0000000008006f5c       0x8a ./Drivers/STM32F1xx_HAL_Driver/Src/stm32f1xx_ll_usb.o
                0x0000000008006f5c                USB_WritePMA
 .text.USB_ReadPMA
                0x0000000008006fe6       0x9e ./Drivers/STM32F1xx_HAL_Driver/Src/stm32f1xx_ll_usb.o
                0x0000000008006fe6                USB_ReadPMA
 .text.USBD_HID_Init
                0x0000000008007084       0x4e ./Middlewares/ST/STM32_USB_Device_Library/Class/HID/Src/usbd_hid.o
 .text.USBD_HID_DeInit
                0x00000000080070d2       0x42 ./Middlewares/ST/STM32_USB_Device_Library/Class/HID/Src/usbd_hid.o
 .text.USBD_HID_Setup
                0x0000000008007114      0x1fc ./Middlewares/ST/STM32_USB_Device_Library/Class/HID/Src/usbd_hid.o
 .text.USBD_HID_SendReport
                0x0000000008007310       0x44 ./Middlewares/ST/STM32_USB_Device_Library/Class/HID/Src/usbd_hid.o
                0x0000000008007310                USBD_HID_SendReport
 .text.USBD_HID_GetFSCfgDesc
                0x0000000008007354       0x20 ./Middlewares/ST/STM32_USB_Device_Library/Class/HID/Src/usbd_hid.o
 .text.USBD_HID_GetHSCfgDesc
                0x0000000008007374       0x20 ./Middlewares/ST/STM32_USB_Device_Library/Class/HID/Src/usbd_hid.o
 .text.USBD_HID_GetOtherSpeedCfgDesc
                0x0000000008007394       0x20 ./Middlewares/ST/STM32_USB_Device_Library/Class/HID/Src/usbd_hid.o
 .text.USBD_HID_DataIn
                0x00000000080073b4       0x22 ./Middlewares/ST/STM32_USB_Device_Library/Class/HID/Src/usbd_hid.o
 *fill*         0x00000000080073d6        0x2 
 .text.USBD_HID_GetDeviceQualifierDesc
                0x00000000080073d8       0x20 ./Middlewares/ST/STM32_USB_Device_Library/Class/HID/Src/usbd_hid.o
 .text.USBD_Init
                0x00000000080073f8       0x56 ./Middlewares/ST/STM32_USB_Device_Library/Core/Src/usbd_core.o
                0x00000000080073f8                USBD_Init
 .text.USBD_RegisterClass
                0x000000000800744e       0x32 ./Middlewares/ST/STM32_USB_Device_Library/Core/Src/usbd_core.o
                0x000000000800744e                USBD_RegisterClass
 .text.USBD_Start
                0x0000000008007480       0x18 ./Middlewares/ST/STM32_USB_Device_Library/Core/Src/usbd_core.o
                0x0000000008007480                USBD_Start
 .text.USBD_RunTestMode
                0x0000000008007498       0x14 ./Middlewares/ST/STM32_USB_Device_Library/Core/Src/usbd_core.o
                0x0000000008007498                USBD_RunTestMode
 .text.USBD_SetClassConfig
                0x00000000080074ac       0x3e ./Middlewares/ST/STM32_USB_Device_Library/Core/Src/usbd_core.o
                0x00000000080074ac                USBD_SetClassConfig
 .text.USBD_ClrClassConfig
                0x00000000080074ea       0x26 ./Middlewares/ST/STM32_USB_Device_Library/Core/Src/usbd_core.o
                0x00000000080074ea                USBD_ClrClassConfig
 .text.USBD_LL_SetupStage
                0x0000000008007510       0x9a ./Middlewares/ST/STM32_USB_Device_Library/Core/Src/usbd_core.o
                0x0000000008007510                USBD_LL_SetupStage
 .text.USBD_LL_DataOutStage
                0x00000000080075aa       0xe2 ./Middlewares/ST/STM32_USB_Device_Library/Core/Src/usbd_core.o
                0x00000000080075aa                USBD_LL_DataOutStage
 .text.USBD_LL_DataInStage
                0x000000000800768c      0x14a ./Middlewares/ST/STM32_USB_Device_Library/Core/Src/usbd_core.o
                0x000000000800768c                USBD_LL_DataInStage
 .text.USBD_LL_Reset
                0x00000000080077d6       0x82 ./Middlewares/ST/STM32_USB_Device_Library/Core/Src/usbd_core.o
                0x00000000080077d6                USBD_LL_Reset
 .text.USBD_LL_SetSpeed
                0x0000000008007858       0x1e ./Middlewares/ST/STM32_USB_Device_Library/Core/Src/usbd_core.o
                0x0000000008007858                USBD_LL_SetSpeed
 .text.USBD_LL_Suspend
                0x0000000008007876       0x28 ./Middlewares/ST/STM32_USB_Device_Library/Core/Src/usbd_core.o
                0x0000000008007876                USBD_LL_Suspend
 .text.USBD_LL_Resume
                0x000000000800789e       0x2a ./Middlewares/ST/STM32_USB_Device_Library/Core/Src/usbd_core.o
                0x000000000800789e                USBD_LL_Resume
 .text.USBD_LL_SOF
                0x00000000080078c8       0x34 ./Middlewares/ST/STM32_USB_Device_Library/Core/Src/usbd_core.o
                0x00000000080078c8                USBD_LL_SOF
 .text.USBD_StdDevReq
                0x00000000080078fc       0xd4 ./Middlewares/ST/STM32_USB_Device_Library/Core/Src/usbd_ctlreq.o
                0x00000000080078fc                USBD_StdDevReq
 .text.USBD_StdItfReq
                0x00000000080079d0       0x90 ./Middlewares/ST/STM32_USB_Device_Library/Core/Src/usbd_ctlreq.o
                0x00000000080079d0                USBD_StdItfReq
 .text.USBD_StdEPReq
                0x0000000008007a60      0x2c6 ./Middlewares/ST/STM32_USB_Device_Library/Core/Src/usbd_ctlreq.o
                0x0000000008007a60                USBD_StdEPReq
 *fill*         0x0000000008007d26        0x2 
 .text.USBD_GetDescriptor
                0x0000000008007d28      0x2d0 ./Middlewares/ST/STM32_USB_Device_Library/Core/Src/usbd_ctlreq.o
 .text.USBD_SetAddress
                0x0000000008007ff8       0x86 ./Middlewares/ST/STM32_USB_Device_Library/Core/Src/usbd_ctlreq.o
 *fill*         0x000000000800807e        0x2 
 .text.USBD_SetConfig
                0x0000000008008080      0x11c ./Middlewares/ST/STM32_USB_Device_Library/Core/Src/usbd_ctlreq.o
 .text.USBD_GetConfig
                0x000000000800819c       0x6a ./Middlewares/ST/STM32_USB_Device_Library/Core/Src/usbd_ctlreq.o
 .text.USBD_GetStatus
                0x0000000008008206       0x66 ./Middlewares/ST/STM32_USB_Device_Library/Core/Src/usbd_ctlreq.o
 .text.USBD_SetFeature
                0x000000000800826c       0x28 ./Middlewares/ST/STM32_USB_Device_Library/Core/Src/usbd_ctlreq.o
 .text.USBD_ClrFeature
                0x0000000008008294       0x42 ./Middlewares/ST/STM32_USB_Device_Library/Core/Src/usbd_ctlreq.o
 .text.USBD_ParseSetupRequest
                0x00000000080082d6       0x78 ./Middlewares/ST/STM32_USB_Device_Library/Core/Src/usbd_ctlreq.o
                0x00000000080082d6                USBD_ParseSetupRequest
 .text.USBD_CtlError
                0x000000000800834e       0x22 ./Middlewares/ST/STM32_USB_Device_Library/Core/Src/usbd_ctlreq.o
                0x000000000800834e                USBD_CtlError
 .text.USBD_GetString
                0x0000000008008370       0x84 ./Middlewares/ST/STM32_USB_Device_Library/Core/Src/usbd_ctlreq.o
                0x0000000008008370                USBD_GetString
 .text.USBD_GetLen
                0x00000000080083f4       0x2e ./Middlewares/ST/STM32_USB_Device_Library/Core/Src/usbd_ctlreq.o
 .text.USBD_CtlSendData
                0x0000000008008422       0x38 ./Middlewares/ST/STM32_USB_Device_Library/Core/Src/usbd_ioreq.o
                0x0000000008008422                USBD_CtlSendData
 .text.USBD_CtlContinueSendData
                0x000000000800845a       0x24 ./Middlewares/ST/STM32_USB_Device_Library/Core/Src/usbd_ioreq.o
                0x000000000800845a                USBD_CtlContinueSendData
 .text.USBD_CtlContinueRx
                0x000000000800847e       0x24 ./Middlewares/ST/STM32_USB_Device_Library/Core/Src/usbd_ioreq.o
                0x000000000800847e                USBD_CtlContinueRx
 .text.USBD_CtlSendStatus
                0x00000000080084a2       0x26 ./Middlewares/ST/STM32_USB_Device_Library/Core/Src/usbd_ioreq.o
                0x00000000080084a2                USBD_CtlSendStatus
 .text.USBD_CtlReceiveStatus
                0x00000000080084c8       0x26 ./Middlewares/ST/STM32_USB_Device_Library/Core/Src/usbd_ioreq.o
                0x00000000080084c8                USBD_CtlReceiveStatus
 *fill*         0x00000000080084ee        0x2 
 .text.MX_USB_DEVICE_Init
                0x00000000080084f0       0x4c ./USB_DEVICE/App/usb_device.o
                0x00000000080084f0                MX_USB_DEVICE_Init
 .text.USBD_FS_DeviceDescriptor
                0x000000000800853c       0x24 ./USB_DEVICE/App/usbd_desc.o
                0x000000000800853c                USBD_FS_DeviceDescriptor
 .text.USBD_FS_LangIDStrDescriptor
                0x0000000008008560       0x24 ./USB_DEVICE/App/usbd_desc.o
                0x0000000008008560                USBD_FS_LangIDStrDescriptor
 .text.USBD_FS_ProductStrDescriptor
                0x0000000008008584       0x3c ./USB_DEVICE/App/usbd_desc.o
                0x0000000008008584                USBD_FS_ProductStrDescriptor
 .text.USBD_FS_ManufacturerStrDescriptor
                0x00000000080085c0       0x28 ./USB_DEVICE/App/usbd_desc.o
                0x00000000080085c0                USBD_FS_ManufacturerStrDescriptor
 .text.USBD_FS_SerialStrDescriptor
                0x00000000080085e8       0x24 ./USB_DEVICE/App/usbd_desc.o
                0x00000000080085e8                USBD_FS_SerialStrDescriptor
 .text.USBD_FS_ConfigStrDescriptor
                0x000000000800860c       0x3c ./USB_DEVICE/App/usbd_desc.o
                0x000000000800860c                USBD_FS_ConfigStrDescriptor
 .text.USBD_FS_InterfaceStrDescriptor
                0x0000000008008648       0x3c ./USB_DEVICE/App/usbd_desc.o
                0x0000000008008648                USBD_FS_InterfaceStrDescriptor
 .text.Get_SerialNum
                0x0000000008008684       0x58 ./USB_DEVICE/App/usbd_desc.o
 .text.IntToUnicode
                0x00000000080086dc       0x7c ./USB_DEVICE/App/usbd_desc.o
 .text.HAL_PCD_MspInit
                0x0000000008008758       0x4c ./USB_DEVICE/Target/usbd_conf.o
                0x0000000008008758                HAL_PCD_MspInit
 .text.HAL_PCD_SetupStageCallback
                0x00000000080087a4       0x24 ./USB_DEVICE/Target/usbd_conf.o
                0x00000000080087a4                HAL_PCD_SetupStageCallback
 .text.HAL_PCD_DataOutStageCallback
                0x00000000080087c8       0x36 ./USB_DEVICE/Target/usbd_conf.o
                0x00000000080087c8                HAL_PCD_DataOutStageCallback
 .text.HAL_PCD_DataInStageCallback
                0x00000000080087fe       0x34 ./USB_DEVICE/Target/usbd_conf.o
                0x00000000080087fe                HAL_PCD_DataInStageCallback
 .text.HAL_PCD_SOFCallback
                0x0000000008008832       0x1c ./USB_DEVICE/Target/usbd_conf.o
                0x0000000008008832                HAL_PCD_SOFCallback
 .text.HAL_PCD_ResetCallback
                0x000000000800884e       0x3c ./USB_DEVICE/Target/usbd_conf.o
                0x000000000800884e                HAL_PCD_ResetCallback
 *fill*         0x000000000800888a        0x2 
 .text.HAL_PCD_SuspendCallback
                0x000000000800888c       0x34 ./USB_DEVICE/Target/usbd_conf.o
                0x000000000800888c                HAL_PCD_SuspendCallback
 .text.HAL_PCD_ResumeCallback
                0x00000000080088c0       0x1c ./USB_DEVICE/Target/usbd_conf.o
                0x00000000080088c0                HAL_PCD_ResumeCallback
 .text.USBD_LL_Init
                0x00000000080088dc       0x90 ./USB_DEVICE/Target/usbd_conf.o
                0x00000000080088dc                USBD_LL_Init
 .text.USBD_LL_Start
                0x000000000800896c       0x36 ./USB_DEVICE/Target/usbd_conf.o
                0x000000000800896c                USBD_LL_Start
 .text.USBD_LL_OpenEP
                0x00000000080089a2       0x4c ./USB_DEVICE/Target/usbd_conf.o
                0x00000000080089a2                USBD_LL_OpenEP
 .text.USBD_LL_CloseEP
                0x00000000080089ee       0x3e ./USB_DEVICE/Target/usbd_conf.o
                0x00000000080089ee                USBD_LL_CloseEP
 .text.USBD_LL_StallEP
                0x0000000008008a2c       0x3e ./USB_DEVICE/Target/usbd_conf.o
                0x0000000008008a2c                USBD_LL_StallEP
 .text.USBD_LL_ClearStallEP
                0x0000000008008a6a       0x3e ./USB_DEVICE/Target/usbd_conf.o
                0x0000000008008a6a                USBD_LL_ClearStallEP
 .text.USBD_LL_IsStallEP
                0x0000000008008aa8       0x58 ./USB_DEVICE/Target/usbd_conf.o
                0x0000000008008aa8                USBD_LL_IsStallEP
 .text.USBD_LL_SetUSBAddress
                0x0000000008008b00       0x3e ./USB_DEVICE/Target/usbd_conf.o
                0x0000000008008b00                USBD_LL_SetUSBAddress
 .text.USBD_LL_Transmit
                0x0000000008008b3e       0x46 ./USB_DEVICE/Target/usbd_conf.o
                0x0000000008008b3e                USBD_LL_Transmit
 .text.USBD_LL_PrepareReceive
                0x0000000008008b84       0x46 ./USB_DEVICE/Target/usbd_conf.o
                0x0000000008008b84                USBD_LL_PrepareReceive
 *fill*         0x0000000008008bca        0x2 
 .text.USBD_static_malloc
                0x0000000008008bcc       0x18 ./USB_DEVICE/Target/usbd_conf.o
                0x0000000008008bcc                USBD_static_malloc
 .text.USBD_static_free
                0x0000000008008be4       0x12 ./USB_DEVICE/Target/usbd_conf.o
                0x0000000008008be4                USBD_static_free
 .text.HAL_PCDEx_SetConnectionState
                0x0000000008008bf6       0x16 ./USB_DEVICE/Target/usbd_conf.o
                0x0000000008008bf6                HAL_PCDEx_SetConnectionState
 .text.USBD_Get_USB_Status
                0x0000000008008c0c       0x58 ./USB_DEVICE/Target/usbd_conf.o
 .text.__libc_init_array
                0x0000000008008c64       0x48 c:/st/stm32cubeide_1.11.2/stm32cubeide/plugins/com.st.stm32cube.ide.mcu.externaltools.gnu-tools-for-stm32.10.3-2021.10.win32_1.0.100.202210260954/tools/bin/../lib/gcc/arm-none-eabi/10.3.1/../../../../arm-none-eabi/lib/thumb/v7-m/nofp\libc_nano.a(lib_a-init.o)
                0x0000000008008c64                __libc_init_array
 .text.memcpy   0x0000000008008cac       0x1c c:/st/stm32cubeide_1.11.2/stm32cubeide/plugins/com.st.stm32cube.ide.mcu.externaltools.gnu-tools-for-stm32.10.3-2021.10.win32_1.0.100.202210260954/tools/bin/../lib/gcc/arm-none-eabi/10.3.1/../../../../arm-none-eabi/lib/thumb/v7-m/nofp\libc_nano.a(lib_a-memcpy-stub.o)
                0x0000000008008cac                memcpy
 .text.memset   0x0000000008008cc8       0x10 c:/st/stm32cubeide_1.11.2/stm32cubeide/plugins/com.st.stm32cube.ide.mcu.externaltools.gnu-tools-for-stm32.10.3-2021.10.win32_1.0.100.202210260954/tools/bin/../lib/gcc/arm-none-eabi/10.3.1/../../../../arm-none-eabi/lib/thumb/v7-m/nofp\libc_nano.a(lib_a-memset.o)
                0x0000000008008cc8                memset
 *(.glue_7)
 .glue_7        0x0000000008008cd8        0x0 linker stubs
 *(.glue_7t)
 .glue_7t       0x0000000008008cd8        0x0 linker stubs
 *(.eh_frame)
 .eh_frame      0x0000000008008cd8        0x0 c:/st/stm32cubeide_1.11.2/stm32cubeide/plugins/com.st.stm32cube.ide.mcu.externaltools.gnu-tools-for-stm32.10.3-2021.10.win32_1.0.100.202210260954/tools/bin/../lib/gcc/arm-none-eabi/10.3.1/thumb/v7-m/nofp/crtbegin.o
 *(.init)
 .init          0x0000000008008cd8        0x4 c:/st/stm32cubeide_1.11.2/stm32cubeide/plugins/com.st.stm32cube.ide.mcu.externaltools.gnu-tools-for-stm32.10.3-2021.10.win32_1.0.100.202210260954/tools/bin/../lib/gcc/arm-none-eabi/10.3.1/thumb/v7-m/nofp/crti.o
                0x0000000008008cd8                _init
 .init          0x0000000008008cdc        0x8 c:/st/stm32cubeide_1.11.2/stm32cubeide/plugins/com.st.stm32cube.ide.mcu.externaltools.gnu-tools-for-stm32.10.3-2021.10.win32_1.0.100.202210260954/tools/bin/../lib/gcc/arm-none-eabi/10.3.1/thumb/v7-m/nofp/crtn.o
 *(.fini)
 .fini          0x0000000008008ce4        0x4 c:/st/stm32cubeide_1.11.2/stm32cubeide/plugins/com.st.stm32cube.ide.mcu.externaltools.gnu-tools-for-stm32.10.3-2021.10.win32_1.0.100.202210260954/tools/bin/../lib/gcc/arm-none-eabi/10.3.1/thumb/v7-m/nofp/crti.o
                0x0000000008008ce4                _fini
 .fini          0x0000000008008ce8        0x8 c:/st/stm32cubeide_1.11.2/stm32cubeide/plugins/com.st.stm32cube.ide.mcu.externaltools.gnu-tools-for-stm32.10.3-2021.10.win32_1.0.100.202210260954/tools/bin/../lib/gcc/arm-none-eabi/10.3.1/thumb/v7-m/nofp/crtn.o
                0x0000000008008cf0                . = ALIGN (0x4)
                0x0000000008008cf0                _etext = .

.vfp11_veneer   0x0000000008008cf0        0x0
 .vfp11_veneer  0x0000000008008cf0        0x0 linker stubs

.v4_bx          0x0000000008008cf0        0x0
 .v4_bx         0x0000000008008cf0        0x0 linker stubs

.iplt           0x0000000008008cf0        0x0
 .iplt          0x0000000008008cf0        0x0 c:/st/stm32cubeide_1.11.2/stm32cubeide/plugins/com.st.stm32cube.ide.mcu.externaltools.gnu-tools-for-stm32.10.3-2021.10.win32_1.0.100.202210260954/tools/bin/../lib/gcc/arm-none-eabi/10.3.1/thumb/v7-m/nofp/crtbegin.o

.rodata         0x0000000008008cf0      0x2e8
                0x0000000008008cf0                . = ALIGN (0x4)
 *(.rodata)
 .rodata        0x0000000008008cf0       0x26 ./Core/Src/decode.o
 *fill*         0x0000000008008d16        0x2 
 .rodata        0x0000000008008d18      0x12e ./Core/Src/main.o
 *fill*         0x0000000008008e46        0x2 
 .rodata        0x0000000008008e48       0x10 ./Drivers/STM32F1xx_HAL_Driver/Src/stm32f1xx_hal_rcc.o
 .rodata        0x0000000008008e58       0x3e ./USB_DEVICE/App/usbd_desc.o
 *(.rodata*)
 *fill*         0x0000000008008e96        0x2 
 .rodata.resetKey
                0x0000000008008e98       0x4b ./Core/Src/decode.o
                0x0000000008008e98                resetKey
 *fill*         0x0000000008008ee3        0x1 
 .rodata.lower_uart
                0x0000000008008ee4       0x4b ./Core/Src/decode.o
                0x0000000008008ee4                lower_uart
 *fill*         0x0000000008008f2f        0x1 
 .rodata.upper_uart
                0x0000000008008f30       0x4b ./Core/Src/decode.o
                0x0000000008008f30                upper_uart
 *fill*         0x0000000008008f7b        0x1 
 .rodata.usb_map
                0x0000000008008f7c       0x4b ./Core/Src/decode.o
                0x0000000008008f7c                usb_map
 *fill*         0x0000000008008fc7        0x1 
 .rodata.AHBPrescTable
                0x0000000008008fc8       0x10 ./Core/Src/system_stm32f1xx.o
                0x0000000008008fc8                AHBPrescTable
                0x0000000008008fd8                . = ALIGN (0x4)

.rel.dyn        0x0000000008008fd8        0x0
 .rel.iplt      0x0000000008008fd8        0x0 c:/st/stm32cubeide_1.11.2/stm32cubeide/plugins/com.st.stm32cube.ide.mcu.externaltools.gnu-tools-for-stm32.10.3-2021.10.win32_1.0.100.202210260954/tools/bin/../lib/gcc/arm-none-eabi/10.3.1/thumb/v7-m/nofp/crtbegin.o

.ARM.extab      0x0000000008008fd8        0x0
                0x0000000008008fd8                . = ALIGN (0x4)
 *(.ARM.extab* .gnu.linkonce.armextab.*)
                0x0000000008008fd8                . = ALIGN (0x4)

.ARM            0x0000000008008fd8        0x0
                0x0000000008008fd8                . = ALIGN (0x4)
                0x0000000008008fd8                __exidx_start = .
 *(.ARM.exidx*)
                0x0000000008008fd8                __exidx_end = .
                0x0000000008008fd8                . = ALIGN (0x4)

.preinit_array  0x0000000008008fd8        0x0
                0x0000000008008fd8                . = ALIGN (0x4)
                0x0000000008008fd8                PROVIDE (__preinit_array_start = .)
 *(.preinit_array*)
                0x0000000008008fd8                PROVIDE (__preinit_array_end = .)
                0x0000000008008fd8                . = ALIGN (0x4)

.init_array     0x0000000008008fd8        0x4
                0x0000000008008fd8                . = ALIGN (0x4)
                0x0000000008008fd8                PROVIDE (__init_array_start = .)
 *(SORT_BY_NAME(.init_array.*))
 *(.init_array*)
 .init_array    0x0000000008008fd8        0x4 c:/st/stm32cubeide_1.11.2/stm32cubeide/plugins/com.st.stm32cube.ide.mcu.externaltools.gnu-tools-for-stm32.10.3-2021.10.win32_1.0.100.202210260954/tools/bin/../lib/gcc/arm-none-eabi/10.3.1/thumb/v7-m/nofp/crtbegin.o
                0x0000000008008fdc                PROVIDE (__init_array_end = .)
                0x0000000008008fdc                . = ALIGN (0x4)

.fini_array     0x0000000008008fdc        0x4
                0x0000000008008fdc                . = ALIGN (0x4)
                [!provide]                        PROVIDE (__fini_array_start = .)
 *(SORT_BY_NAME(.fini_array.*))
 *(.fini_array*)
 .fini_array    0x0000000008008fdc        0x4 c:/st/stm32cubeide_1.11.2/stm32cubeide/plugins/com.st.stm32cube.ide.mcu.externaltools.gnu-tools-for-stm32.10.3-2021.10.win32_1.0.100.202210260954/tools/bin/../lib/gcc/arm-none-eabi/10.3.1/thumb/v7-m/nofp/crtbegin.o
                [!provide]                        PROVIDE (__fini_array_end = .)
                0x0000000008008fe0                . = ALIGN (0x4)
                0x0000000008008fe0                _sidata = LOADADDR (.data)

.data           0x0000000020000000      0x658 load address 0x0000000008008fe0
                0x0000000020000000                . = ALIGN (0x4)
                0x0000000020000000                _sdata = .
 *(.data)
 *(.data*)
 .data.keyarr   0x0000000020000000       0x4b ./Core/Src/decode.o
                0x0000000020000000                keyarr
 *fill*         0x000000002000004b        0x1 
 .data.sequence
                0x000000002000004c      0x140 ./Core/Src/main.o
                0x000000002000004c                sequence
 .data.UI1      0x000000002000018c       0x49 ./Core/Src/main.o
                0x000000002000018c                UI1
 *fill*         0x00000000200001d5        0x3 
 .data.UI2      0x00000000200001d8       0xa5 ./Core/Src/main.o
                0x00000000200001d8                UI2
 *fill*         0x000000002000027d        0x3 
 .data.UI3      0x0000000020000280       0x36 ./Core/Src/main.o
                0x0000000020000280                UI3
 *fill*         0x00000000200002b6        0x2 
 .data.ERR      0x00000000200002b8       0x19 ./Core/Src/main.o
                0x00000000200002b8                ERR
 *fill*         0x00000000200002d1        0x3 
 .data.messageSav
                0x00000000200002d4       0x1a ./Core/Src/main.o
                0x00000000200002d4                messageSav
 *fill*         0x00000000200002ee        0x2 
 .data.keyout   0x00000000200002f0      0x20d ./Core/Src/main.o
                0x00000000200002f0                keyout
 *fill*         0x00000000200004fd        0x3 
 .data.SystemCoreClock
                0x0000000020000500        0x4 ./Core/Src/system_stm32f1xx.o
                0x0000000020000500                SystemCoreClock
 .data.uwTickPrio
                0x0000000020000504        0x4 ./Drivers/STM32F1xx_HAL_Driver/Src/stm32f1xx_hal.o
                0x0000000020000504                uwTickPrio
 .data.uwTickFreq
                0x0000000020000508        0x1 ./Drivers/STM32F1xx_HAL_Driver/Src/stm32f1xx_hal.o
                0x0000000020000508                uwTickFreq
 *fill*         0x0000000020000509        0x3 
 .data.USBD_HID
                0x000000002000050c       0x38 ./Middlewares/ST/STM32_USB_Device_Library/Class/HID/Src/usbd_hid.o
                0x000000002000050c                USBD_HID
 .data.USBD_HID_CfgFSDesc
                0x0000000020000544       0x22 ./Middlewares/ST/STM32_USB_Device_Library/Class/HID/Src/usbd_hid.o
 *fill*         0x0000000020000566        0x2 
 .data.USBD_HID_CfgHSDesc
                0x0000000020000568       0x22 ./Middlewares/ST/STM32_USB_Device_Library/Class/HID/Src/usbd_hid.o
 *fill*         0x000000002000058a        0x2 
 .data.USBD_HID_OtherSpeedCfgDesc
                0x000000002000058c       0x22 ./Middlewares/ST/STM32_USB_Device_Library/Class/HID/Src/usbd_hid.o
 *fill*         0x00000000200005ae        0x2 
 .data.USBD_HID_Desc
                0x00000000200005b0        0x9 ./Middlewares/ST/STM32_USB_Device_Library/Class/HID/Src/usbd_hid.o
 *fill*         0x00000000200005b9        0x3 
 .data.USBD_HID_DeviceQualifierDesc
                0x00000000200005bc        0xa ./Middlewares/ST/STM32_USB_Device_Library/Class/HID/Src/usbd_hid.o
 *fill*         0x00000000200005c6        0x2 
 .data.HID_MOUSE_ReportDesc
                0x00000000200005c8       0x3f ./Middlewares/ST/STM32_USB_Device_Library/Class/HID/Src/usbd_hid.o
 *fill*         0x0000000020000607        0x1 
 .data.FS_Desc  0x0000000020000608       0x1c ./USB_DEVICE/App/usbd_desc.o
                0x0000000020000608                FS_Desc
 .data.USBD_FS_DeviceDesc
                0x0000000020000624       0x12 ./USB_DEVICE/App/usbd_desc.o
                0x0000000020000624                USBD_FS_DeviceDesc
 *fill*         0x0000000020000636        0x2 
 .data.USBD_LangIDDesc
                0x0000000020000638        0x4 ./USB_DEVICE/App/usbd_desc.o
                0x0000000020000638                USBD_LangIDDesc
 .data.USBD_StringSerial
                0x000000002000063c       0x1a ./USB_DEVICE/App/usbd_desc.o
                0x000000002000063c                USBD_StringSerial
 *(.RamFunc)
 *(.RamFunc*)
                0x0000000020000658                . = ALIGN (0x4)
 *fill*         0x0000000020000656        0x2 
                0x0000000020000658                _edata = .

.igot.plt       0x0000000020000658        0x0 load address 0x0000000008009638
 .igot.plt      0x0000000020000658        0x0 c:/st/stm32cubeide_1.11.2/stm32cubeide/plugins/com.st.stm32cube.ide.mcu.externaltools.gnu-tools-for-stm32.10.3-2021.10.win32_1.0.100.202210260954/tools/bin/../lib/gcc/arm-none-eabi/10.3.1/thumb/v7-m/nofp/crtbegin.o
                0x0000000020000658                . = ALIGN (0x4)

.bss            0x0000000020000658      0x844 load address 0x0000000008009638
                0x0000000020000658                _sbss = .
                0x0000000020000658                __bss_start__ = _sbss
 *(.bss)
 .bss           0x0000000020000658       0x1c c:/st/stm32cubeide_1.11.2/stm32cubeide/plugins/com.st.stm32cube.ide.mcu.externaltools.gnu-tools-for-stm32.10.3-2021.10.win32_1.0.100.202210260954/tools/bin/../lib/gcc/arm-none-eabi/10.3.1/thumb/v7-m/nofp/crtbegin.o
 *(.bss*)
 .bss.hist      0x0000000020000674       0x4b ./Core/Src/keyscan.o
                0x0000000020000674                hist
 .bss.press     0x00000000200006bf        0x1 ./Core/Src/keyscan.o
                0x00000000200006bf                press
 .bss.func      0x00000000200006c0        0x2 ./Core/Src/keyscan.o
                0x00000000200006c0                func
 *fill*         0x00000000200006c2        0x2 
 .bss.keyBoardHIDsub
                0x00000000200006c4        0x8 ./Core/Src/main.o
                0x00000000200006c4                keyBoardHIDsub
 .bss.rows      0x00000000200006cc        0x1 ./Core/Src/main.o
                0x00000000200006cc                rows
 *fill*         0x00000000200006cd        0x3 
 .bss.uwTick    0x00000000200006d0        0x4 ./Drivers/STM32F1xx_HAL_Driver/Src/stm32f1xx_hal.o
                0x00000000200006d0                uwTick
 .bss.cfgidx.0  0x00000000200006d4        0x1 ./Middlewares/ST/STM32_USB_Device_Library/Core/Src/usbd_ctlreq.o
 *fill*         0x00000000200006d5        0x3 
 .bss.hUsbDeviceFS
                0x00000000200006d8      0x2c4 ./USB_DEVICE/App/usb_device.o
                0x00000000200006d8                hUsbDeviceFS
 .bss.USBD_StrDesc
                0x000000002000099c      0x200 ./USB_DEVICE/App/usbd_desc.o
                0x000000002000099c                USBD_StrDesc
 .bss.hpcd_USB_FS
                0x0000000020000b9c      0x2ec ./USB_DEVICE/Target/usbd_conf.o
                0x0000000020000b9c                hpcd_USB_FS
 .bss.mem.0     0x0000000020000e88       0x14 ./USB_DEVICE/Target/usbd_conf.o
 *(COMMON)
                0x0000000020000e9c                . = ALIGN (0x4)
                0x0000000020000e9c                _ebss = .
                0x0000000020000e9c                __bss_end__ = _ebss

._user_heap_stack
                0x0000000020000e9c      0x604 load address 0x0000000008009638
                0x0000000020000ea0                . = ALIGN (0x8)
 *fill*         0x0000000020000e9c        0x4 
                [!provide]                        PROVIDE (end = .)
                0x0000000020000ea0                PROVIDE (_end = .)
                0x00000000200010a0                . = (. + _Min_Heap_Size)
 *fill*         0x0000000020000ea0      0x200 
                0x00000000200014a0                . = (. + _Min_Stack_Size)
 *fill*         0x00000000200010a0      0x400 
                0x00000000200014a0                . = ALIGN (0x8)

/DISCARD/
 libc.a(*)
 libm.a(*)
 libgcc.a(*)

.ARM.attributes
                0x0000000000000000       0x29
 *(.ARM.attributes)
 .ARM.attributes
                0x0000000000000000       0x1d c:/st/stm32cubeide_1.11.2/stm32cubeide/plugins/com.st.stm32cube.ide.mcu.externaltools.gnu-tools-for-stm32.10.3-2021.10.win32_1.0.100.202210260954/tools/bin/../lib/gcc/arm-none-eabi/10.3.1/thumb/v7-m/nofp/crti.o
 .ARM.attributes
                0x000000000000001d       0x2d c:/st/stm32cubeide_1.11.2/stm32cubeide/plugins/com.st.stm32cube.ide.mcu.externaltools.gnu-tools-for-stm32.10.3-2021.10.win32_1.0.100.202210260954/tools/bin/../lib/gcc/arm-none-eabi/10.3.1/thumb/v7-m/nofp/crtbegin.o
 .ARM.attributes
                0x000000000000004a       0x2d ./Core/Src/decode.o
 .ARM.attributes
                0x0000000000000077       0x2d ./Core/Src/eeprom.o
 .ARM.attributes
                0x00000000000000a4       0x2d ./Core/Src/init.o
 .ARM.attributes
                0x00000000000000d1       0x2d ./Core/Src/keyscan.o
 .ARM.attributes
                0x00000000000000fe       0x2d ./Core/Src/main.o
 .ARM.attributes
                0x000000000000012b       0x2d ./Core/Src/stm32f1xx_hal_msp.o
 .ARM.attributes
                0x0000000000000158       0x2d ./Core/Src/stm32f1xx_it.o
 .ARM.attributes
                0x0000000000000185       0x2d ./Core/Src/system_stm32f1xx.o
 .ARM.attributes
                0x00000000000001b2       0x21 ./Core/Startup/startup_stm32f103c8tx.o
 .ARM.attributes
                0x00000000000001d3       0x2d ./Drivers/STM32F1xx_HAL_Driver/Src/stm32f1xx_hal.o
 .ARM.attributes
                0x0000000000000200       0x2d ./Drivers/STM32F1xx_HAL_Driver/Src/stm32f1xx_hal_cortex.o
 .ARM.attributes
                0x000000000000022d       0x2d ./Drivers/STM32F1xx_HAL_Driver/Src/stm32f1xx_hal_pcd.o
 .ARM.attributes
                0x000000000000025a       0x2d ./Drivers/STM32F1xx_HAL_Driver/Src/stm32f1xx_hal_pcd_ex.o
 .ARM.attributes
                0x0000000000000287       0x2d ./Drivers/STM32F1xx_HAL_Driver/Src/stm32f1xx_hal_rcc.o
 .ARM.attributes
                0x00000000000002b4       0x2d ./Drivers/STM32F1xx_HAL_Driver/Src/stm32f1xx_hal_rcc_ex.o
 .ARM.attributes
                0x00000000000002e1       0x2d ./Drivers/STM32F1xx_HAL_Driver/Src/stm32f1xx_ll_usb.o
 .ARM.attributes
                0x000000000000030e       0x2d ./Middlewares/ST/STM32_USB_Device_Library/Class/HID/Src/usbd_hid.o
 .ARM.attributes
                0x000000000000033b       0x2d ./Middlewares/ST/STM32_USB_Device_Library/Core/Src/usbd_core.o
 .ARM.attributes
                0x0000000000000368       0x2d ./Middlewares/ST/STM32_USB_Device_Library/Core/Src/usbd_ctlreq.o
 .ARM.attributes
                0x0000000000000395       0x2d ./Middlewares/ST/STM32_USB_Device_Library/Core/Src/usbd_ioreq.o
 .ARM.attributes
                0x00000000000003c2       0x2d ./USB_DEVICE/App/usb_device.o
 .ARM.attributes
                0x00000000000003ef       0x2d ./USB_DEVICE/App/usbd_desc.o
 .ARM.attributes
                0x000000000000041c       0x2d ./USB_DEVICE/Target/usbd_conf.o
 .ARM.attributes
                0x0000000000000449       0x2d c:/st/stm32cubeide_1.11.2/stm32cubeide/plugins/com.st.stm32cube.ide.mcu.externaltools.gnu-tools-for-stm32.10.3-2021.10.win32_1.0.100.202210260954/tools/bin/../lib/gcc/arm-none-eabi/10.3.1/../../../../arm-none-eabi/lib/thumb/v7-m/nofp\libc_nano.a(lib_a-init.o)
 .ARM.attributes
                0x0000000000000476       0x2d c:/st/stm32cubeide_1.11.2/stm32cubeide/plugins/com.st.stm32cube.ide.mcu.externaltools.gnu-tools-for-stm32.10.3-2021.10.win32_1.0.100.202210260954/tools/bin/../lib/gcc/arm-none-eabi/10.3.1/../../../../arm-none-eabi/lib/thumb/v7-m/nofp\libc_nano.a(lib_a-memcpy-stub.o)
 .ARM.attributes
                0x00000000000004a3       0x2d c:/st/stm32cubeide_1.11.2/stm32cubeide/plugins/com.st.stm32cube.ide.mcu.externaltools.gnu-tools-for-stm32.10.3-2021.10.win32_1.0.100.202210260954/tools/bin/../lib/gcc/arm-none-eabi/10.3.1/../../../../arm-none-eabi/lib/thumb/v7-m/nofp\libc_nano.a(lib_a-memset.o)
 .ARM.attributes
                0x00000000000004d0       0x1d c:/st/stm32cubeide_1.11.2/stm32cubeide/plugins/com.st.stm32cube.ide.mcu.externaltools.gnu-tools-for-stm32.10.3-2021.10.win32_1.0.100.202210260954/tools/bin/../lib/gcc/arm-none-eabi/10.3.1/thumb/v7-m/nofp/crtn.o
OUTPUT(USB_Test.elf elf32-littlearm)
LOAD linker stubs
LOAD c:/st/stm32cubeide_1.11.2/stm32cubeide/plugins/com.st.stm32cube.ide.mcu.externaltools.gnu-tools-for-stm32.10.3-2021.10.win32_1.0.100.202210260954/tools/bin/../lib/gcc/arm-none-eabi/10.3.1/../../../../arm-none-eabi/lib/thumb/v7-m/nofp\libc.a
LOAD c:/st/stm32cubeide_1.11.2/stm32cubeide/plugins/com.st.stm32cube.ide.mcu.externaltools.gnu-tools-for-stm32.10.3-2021.10.win32_1.0.100.202210260954/tools/bin/../lib/gcc/arm-none-eabi/10.3.1/../../../../arm-none-eabi/lib/thumb/v7-m/nofp\libm.a
LOAD c:/st/stm32cubeide_1.11.2/stm32cubeide/plugins/com.st.stm32cube.ide.mcu.externaltools.gnu-tools-for-stm32.10.3-2021.10.win32_1.0.100.202210260954/tools/bin/../lib/gcc/arm-none-eabi/10.3.1/thumb/v7-m/nofp\libgcc.a

.debug_info     0x0000000000000000     0xd08f
 .debug_info    0x0000000000000000      0x482 ./Core/Src/decode.o
 .debug_info    0x0000000000000482      0x433 ./Core/Src/eeprom.o
 .debug_info    0x00000000000008b5      0xa20 ./Core/Src/init.o
 .debug_info    0x00000000000012d5      0x35c ./Core/Src/keyscan.o
 .debug_info    0x0000000000001631     0x1173 ./Core/Src/main.o
 .debug_info    0x00000000000027a4      0x210 ./Core/Src/stm32f1xx_hal_msp.o
 .debug_info    0x00000000000029b4      0x661 ./Core/Src/stm32f1xx_it.o
 .debug_info    0x0000000000003015      0x23d ./Core/Src/system_stm32f1xx.o
 .debug_info    0x0000000000003252       0x22 ./Core/Startup/startup_stm32f103c8tx.o
 .debug_info    0x0000000000003274      0x734 ./Drivers/STM32F1xx_HAL_Driver/Src/stm32f1xx_hal.o
 .debug_info    0x00000000000039a8      0xb20 ./Drivers/STM32F1xx_HAL_Driver/Src/stm32f1xx_hal_cortex.o
 .debug_info    0x00000000000044c8     0x16ab ./Drivers/STM32F1xx_HAL_Driver/Src/stm32f1xx_hal_pcd.o
 .debug_info    0x0000000000005b73      0x728 ./Drivers/STM32F1xx_HAL_Driver/Src/stm32f1xx_hal_pcd_ex.o
 .debug_info    0x000000000000629b      0x860 ./Drivers/STM32F1xx_HAL_Driver/Src/stm32f1xx_hal_rcc.o
 .debug_info    0x0000000000006afb      0x3e0 ./Drivers/STM32F1xx_HAL_Driver/Src/stm32f1xx_hal_rcc_ex.o
 .debug_info    0x0000000000006edb     0x190d ./Drivers/STM32F1xx_HAL_Driver/Src/stm32f1xx_ll_usb.o
 .debug_info    0x00000000000087e8      0x995 ./Middlewares/ST/STM32_USB_Device_Library/Class/HID/Src/usbd_hid.o
 .debug_info    0x000000000000917d      0xb02 ./Middlewares/ST/STM32_USB_Device_Library/Core/Src/usbd_core.o
 .debug_info    0x0000000000009c7f      0x9b6 ./Middlewares/ST/STM32_USB_Device_Library/Core/Src/usbd_ctlreq.o
 .debug_info    0x000000000000a635      0x715 ./Middlewares/ST/STM32_USB_Device_Library/Core/Src/usbd_ioreq.o
 .debug_info    0x000000000000ad4a      0x59c ./USB_DEVICE/App/usb_device.o
 .debug_info    0x000000000000b2e6      0x484 ./USB_DEVICE/App/usbd_desc.o
 .debug_info    0x000000000000b76a     0x1925 ./USB_DEVICE/Target/usbd_conf.o

.debug_abbrev   0x0000000000000000     0x2bc8
 .debug_abbrev  0x0000000000000000      0x17e ./Core/Src/decode.o
 .debug_abbrev  0x000000000000017e      0x163 ./Core/Src/eeprom.o
 .debug_abbrev  0x00000000000002e1      0x223 ./Core/Src/init.o
 .debug_abbrev  0x0000000000000504      0x1ea ./Core/Src/keyscan.o
 .debug_abbrev  0x00000000000006ee      0x339 ./Core/Src/main.o
 .debug_abbrev  0x0000000000000a27       0xd4 ./Core/Src/stm32f1xx_hal_msp.o
 .debug_abbrev  0x0000000000000afb      0x188 ./Core/Src/stm32f1xx_it.o
 .debug_abbrev  0x0000000000000c83      0x13b ./Core/Src/system_stm32f1xx.o
 .debug_abbrev  0x0000000000000dbe       0x12 ./Core/Startup/startup_stm32f103c8tx.o
 .debug_abbrev  0x0000000000000dd0      0x1fb ./Drivers/STM32F1xx_HAL_Driver/Src/stm32f1xx_hal.o
 .debug_abbrev  0x0000000000000fcb      0x2ed ./Drivers/STM32F1xx_HAL_Driver/Src/stm32f1xx_hal_cortex.o
 .debug_abbrev  0x00000000000012b8      0x2b9 ./Drivers/STM32F1xx_HAL_Driver/Src/stm32f1xx_hal_pcd.o
 .debug_abbrev  0x0000000000001571      0x17f ./Drivers/STM32F1xx_HAL_Driver/Src/stm32f1xx_hal_pcd_ex.o
 .debug_abbrev  0x00000000000016f0      0x2a8 ./Drivers/STM32F1xx_HAL_Driver/Src/stm32f1xx_hal_rcc.o
 .debug_abbrev  0x0000000000001998      0x182 ./Drivers/STM32F1xx_HAL_Driver/Src/stm32f1xx_hal_rcc_ex.o
 .debug_abbrev  0x0000000000001b1a      0x1cd ./Drivers/STM32F1xx_HAL_Driver/Src/stm32f1xx_ll_usb.o
 .debug_abbrev  0x0000000000001ce7      0x258 ./Middlewares/ST/STM32_USB_Device_Library/Class/HID/Src/usbd_hid.o
 .debug_abbrev  0x0000000000001f3f      0x236 ./Middlewares/ST/STM32_USB_Device_Library/Core/Src/usbd_core.o
 .debug_abbrev  0x0000000000002175      0x257 ./Middlewares/ST/STM32_USB_Device_Library/Core/Src/usbd_ctlreq.o
 .debug_abbrev  0x00000000000023cc      0x183 ./Middlewares/ST/STM32_USB_Device_Library/Core/Src/usbd_ioreq.o
 .debug_abbrev  0x000000000000254f      0x17a ./USB_DEVICE/App/usb_device.o
 .debug_abbrev  0x00000000000026c9      0x1fa ./USB_DEVICE/App/usbd_desc.o
 .debug_abbrev  0x00000000000028c3      0x305 ./USB_DEVICE/Target/usbd_conf.o

.debug_aranges  0x0000000000000000      0xbb8
 .debug_aranges
                0x0000000000000000       0x58 ./Core/Src/decode.o
 .debug_aranges
                0x0000000000000058       0x90 ./Core/Src/eeprom.o
 .debug_aranges
                0x00000000000000e8       0x60 ./Core/Src/init.o
 .debug_aranges
                0x0000000000000148       0x60 ./Core/Src/keyscan.o
 .debug_aranges
                0x00000000000001a8       0xa8 ./Core/Src/main.o
 .debug_aranges
                0x0000000000000250       0x20 ./Core/Src/stm32f1xx_hal_msp.o
 .debug_aranges
                0x0000000000000270       0x68 ./Core/Src/stm32f1xx_it.o
 .debug_aranges
                0x00000000000002d8       0x28 ./Core/Src/system_stm32f1xx.o
 .debug_aranges
                0x0000000000000300       0x28 ./Core/Startup/startup_stm32f103c8tx.o
 .debug_aranges
                0x0000000000000328       0xe0 ./Drivers/STM32F1xx_HAL_Driver/Src/stm32f1xx_hal.o
 .debug_aranges
                0x0000000000000408      0x100 ./Drivers/STM32F1xx_HAL_Driver/Src/stm32f1xx_hal_cortex.o
 .debug_aranges
                0x0000000000000508      0x138 ./Drivers/STM32F1xx_HAL_Driver/Src/stm32f1xx_hal_pcd.o
 .debug_aranges
                0x0000000000000640       0x38 ./Drivers/STM32F1xx_HAL_Driver/Src/stm32f1xx_hal_pcd_ex.o
 .debug_aranges
                0x0000000000000678       0x90 ./Drivers/STM32F1xx_HAL_Driver/Src/stm32f1xx_hal_rcc.o
 .debug_aranges
                0x0000000000000708       0x30 ./Drivers/STM32F1xx_HAL_Driver/Src/stm32f1xx_hal_rcc_ex.o
 .debug_aranges
                0x0000000000000738       0xf0 ./Drivers/STM32F1xx_HAL_Driver/Src/stm32f1xx_ll_usb.o
 .debug_aranges
                0x0000000000000828       0x68 ./Middlewares/ST/STM32_USB_Device_Library/Class/HID/Src/usbd_hid.o
 .debug_aranges
                0x0000000000000890       0xb8 ./Middlewares/ST/STM32_USB_Device_Library/Core/Src/usbd_core.o
 .debug_aranges
                0x0000000000000948       0x88 ./Middlewares/ST/STM32_USB_Device_Library/Core/Src/usbd_ctlreq.o
 .debug_aranges
                0x00000000000009d0       0x50 ./Middlewares/ST/STM32_USB_Device_Library/Core/Src/usbd_ioreq.o
 .debug_aranges
                0x0000000000000a20       0x20 ./USB_DEVICE/App/usb_device.o
 .debug_aranges
                0x0000000000000a40       0x60 ./USB_DEVICE/App/usbd_desc.o
 .debug_aranges
                0x0000000000000aa0      0x118 ./USB_DEVICE/Target/usbd_conf.o

.debug_ranges   0x0000000000000000      0xa50
 .debug_ranges  0x0000000000000000       0x48 ./Core/Src/decode.o
 .debug_ranges  0x0000000000000048       0x80 ./Core/Src/eeprom.o
 .debug_ranges  0x00000000000000c8       0x50 ./Core/Src/init.o
 .debug_ranges  0x0000000000000118       0x50 ./Core/Src/keyscan.o
 .debug_ranges  0x0000000000000168       0x98 ./Core/Src/main.o
 .debug_ranges  0x0000000000000200       0x10 ./Core/Src/stm32f1xx_hal_msp.o
 .debug_ranges  0x0000000000000210       0x58 ./Core/Src/stm32f1xx_it.o
 .debug_ranges  0x0000000000000268       0x18 ./Core/Src/system_stm32f1xx.o
 .debug_ranges  0x0000000000000280       0x20 ./Core/Startup/startup_stm32f103c8tx.o
 .debug_ranges  0x00000000000002a0       0xd0 ./Drivers/STM32F1xx_HAL_Driver/Src/stm32f1xx_hal.o
 .debug_ranges  0x0000000000000370       0xf0 ./Drivers/STM32F1xx_HAL_Driver/Src/stm32f1xx_hal_cortex.o
 .debug_ranges  0x0000000000000460      0x128 ./Drivers/STM32F1xx_HAL_Driver/Src/stm32f1xx_hal_pcd.o
 .debug_ranges  0x0000000000000588       0x28 ./Drivers/STM32F1xx_HAL_Driver/Src/stm32f1xx_hal_pcd_ex.o
 .debug_ranges  0x00000000000005b0       0x80 ./Drivers/STM32F1xx_HAL_Driver/Src/stm32f1xx_hal_rcc.o
 .debug_ranges  0x0000000000000630       0x20 ./Drivers/STM32F1xx_HAL_Driver/Src/stm32f1xx_hal_rcc_ex.o
 .debug_ranges  0x0000000000000650       0xe0 ./Drivers/STM32F1xx_HAL_Driver/Src/stm32f1xx_ll_usb.o
 .debug_ranges  0x0000000000000730       0x58 ./Middlewares/ST/STM32_USB_Device_Library/Class/HID/Src/usbd_hid.o
 .debug_ranges  0x0000000000000788       0xa8 ./Middlewares/ST/STM32_USB_Device_Library/Core/Src/usbd_core.o
 .debug_ranges  0x0000000000000830       0x78 ./Middlewares/ST/STM32_USB_Device_Library/Core/Src/usbd_ctlreq.o
 .debug_ranges  0x00000000000008a8       0x40 ./Middlewares/ST/STM32_USB_Device_Library/Core/Src/usbd_ioreq.o
 .debug_ranges  0x00000000000008e8       0x10 ./USB_DEVICE/App/usb_device.o
 .debug_ranges  0x00000000000008f8       0x50 ./USB_DEVICE/App/usbd_desc.o
 .debug_ranges  0x0000000000000948      0x108 ./USB_DEVICE/Target/usbd_conf.o

.debug_macro    0x0000000000000000    0x19940
 .debug_macro   0x0000000000000000      0x1c4 ./Core/Src/decode.o
 .debug_macro   0x00000000000001c4      0xa6c ./Core/Src/decode.o
 .debug_macro   0x0000000000000c30       0x22 ./Core/Src/decode.o
 .debug_macro   0x0000000000000c52       0x22 ./Core/Src/decode.o
 .debug_macro   0x0000000000000c74       0x8e ./Core/Src/decode.o
 .debug_macro   0x0000000000000d02       0x51 ./Core/Src/decode.o
 .debug_macro   0x0000000000000d53      0x103 ./Core/Src/decode.o
 .debug_macro   0x0000000000000e56       0x6a ./Core/Src/decode.o
 .debug_macro   0x0000000000000ec0      0x1df ./Core/Src/decode.o
 .debug_macro   0x000000000000109f       0x1c ./Core/Src/decode.o
 .debug_macro   0x00000000000010bb       0x22 ./Core/Src/decode.o
 .debug_macro   0x00000000000010dd       0xbd ./Core/Src/decode.o
 .debug_macro   0x000000000000119a      0xd23 ./Core/Src/decode.o
 .debug_macro   0x0000000000001ebd     0xe09e ./Core/Src/decode.o
 .debug_macro   0x000000000000ff5b       0x34 ./Core/Src/decode.o
 .debug_macro   0x000000000000ff8f       0x22 ./Core/Src/decode.o
 .debug_macro   0x000000000000ffb1      0x215 ./Core/Src/decode.o
 .debug_macro   0x00000000000101c6       0x2e ./Core/Src/decode.o
 .debug_macro   0x00000000000101f4       0x6d ./Core/Src/decode.o
 .debug_macro   0x0000000000010261     0x3468 ./Core/Src/decode.o
 .debug_macro   0x00000000000136c9      0x174 ./Core/Src/decode.o
 .debug_macro   0x000000000001383d       0x5c ./Core/Src/decode.o
 .debug_macro   0x0000000000013899      0x5be ./Core/Src/decode.o
 .debug_macro   0x0000000000013e57      0x289 ./Core/Src/decode.o
 .debug_macro   0x00000000000140e0      0x1cb ./Core/Src/decode.o
 .debug_macro   0x00000000000142ab      0x114 ./Core/Src/decode.o
 .debug_macro   0x00000000000143bf      0x1b2 ./Core/Src/decode.o
 .debug_macro   0x0000000000014571       0x27 ./Core/Src/decode.o
 .debug_macro   0x0000000000014598      0x136 ./Core/Src/decode.o
 .debug_macro   0x00000000000146ce      0x1bc ./Core/Src/decode.o
 .debug_macro   0x000000000001488a       0x34 ./Core/Src/decode.o
 .debug_macro   0x00000000000148be       0x3c ./Core/Src/decode.o
 .debug_macro   0x00000000000148fa       0x57 ./Core/Src/decode.o
 .debug_macro   0x0000000000014951       0x88 ./Core/Src/decode.o
 .debug_macro   0x00000000000149d9      0x241 ./Core/Src/decode.o
 .debug_macro   0x0000000000014c1a      0x141 ./Core/Src/decode.o
 .debug_macro   0x0000000000014d5b       0x65 ./Core/Src/decode.o
 .debug_macro   0x0000000000014dc0      0x249 ./Core/Src/decode.o
 .debug_macro   0x0000000000015009       0x83 ./Core/Src/decode.o
 .debug_macro   0x000000000001508c      0x1b5 ./Core/Src/eeprom.o
 .debug_macro   0x0000000000015241      0x1b6 ./Core/Src/init.o
 .debug_macro   0x00000000000153f7      0x293 ./Core/Src/keyscan.o
 .debug_macro   0x000000000001568a       0x52 ./Core/Src/keyscan.o
 .debug_macro   0x00000000000156dc       0x18 ./Core/Src/keyscan.o
 .debug_macro   0x00000000000156f4       0x3c ./Core/Src/keyscan.o
 .debug_macro   0x0000000000015730       0x34 ./Core/Src/keyscan.o
 .debug_macro   0x0000000000015764       0x16 ./Core/Src/keyscan.o
 .debug_macro   0x000000000001577a       0x43 ./Core/Src/keyscan.o
 .debug_macro   0x00000000000157bd       0x34 ./Core/Src/keyscan.o
 .debug_macro   0x00000000000157f1       0x10 ./Core/Src/keyscan.o
 .debug_macro   0x0000000000015801       0x58 ./Core/Src/keyscan.o
 .debug_macro   0x0000000000015859       0x71 ./Core/Src/keyscan.o
 .debug_macro   0x00000000000158ca       0x1c ./Core/Src/keyscan.o
 .debug_macro   0x00000000000158e6      0x12a ./Core/Src/keyscan.o
 .debug_macro   0x0000000000015a10      0x341 ./Core/Src/keyscan.o
 .debug_macro   0x0000000000015d51       0x10 ./Core/Src/keyscan.o
 .debug_macro   0x0000000000015d61       0x35 ./Core/Src/keyscan.o
 .debug_macro   0x0000000000015d96       0x20 ./Core/Src/keyscan.o
 .debug_macro   0x0000000000015db6      0x413 ./Core/Src/main.o
 .debug_macro   0x00000000000161c9       0x28 ./Core/Src/main.o
 .debug_macro   0x00000000000161f1       0x16 ./Core/Src/main.o
 .debug_macro   0x0000000000016207       0x10 ./Core/Src/main.o
 .debug_macro   0x0000000000016217       0x10 ./Core/Src/main.o
 .debug_macro   0x0000000000016227       0x1c ./Core/Src/main.o
 .debug_macro   0x0000000000016243       0x52 ./Core/Src/main.o
 .debug_macro   0x0000000000016295       0x22 ./Core/Src/main.o
 .debug_macro   0x00000000000162b7       0x10 ./Core/Src/main.o
 .debug_macro   0x00000000000162c7       0x52 ./Core/Src/main.o
 .debug_macro   0x0000000000016319       0xd5 ./Core/Src/main.o
 .debug_macro   0x00000000000163ee       0x1c ./Core/Src/main.o
 .debug_macro   0x000000000001640a       0x3d ./Core/Src/main.o
 .debug_macro   0x0000000000016447       0x16 ./Core/Src/main.o
 .debug_macro   0x000000000001645d      0x145 ./Core/Src/main.o
 .debug_macro   0x00000000000165a2       0x16 ./Core/Src/main.o
 .debug_macro   0x00000000000165b8       0x16 ./Core/Src/main.o
 .debug_macro   0x00000000000165ce       0x29 ./Core/Src/main.o
 .debug_macro   0x00000000000165f7       0x16 ./Core/Src/main.o
 .debug_macro   0x000000000001660d       0x60 ./Core/Src/main.o
 .debug_macro   0x000000000001666d      0x1c8 ./Core/Src/main.o
 .debug_macro   0x0000000000016835       0x5e ./Core/Src/main.o
 .debug_macro   0x0000000000016893       0x3a ./Core/Src/main.o
 .debug_macro   0x00000000000168cd      0x1cf ./Core/Src/stm32f1xx_hal_msp.o
 .debug_macro   0x0000000000016a9c      0x1d9 ./Core/Src/stm32f1xx_it.o
 .debug_macro   0x0000000000016c75      0x1a8 ./Core/Src/system_stm32f1xx.o
 .debug_macro   0x0000000000016e1d      0x1cc ./Drivers/STM32F1xx_HAL_Driver/Src/stm32f1xx_hal.o
 .debug_macro   0x0000000000016fe9      0x1a8 ./Drivers/STM32F1xx_HAL_Driver/Src/stm32f1xx_hal_cortex.o
 .debug_macro   0x0000000000017191      0x1b4 ./Drivers/STM32F1xx_HAL_Driver/Src/stm32f1xx_hal_pcd.o
 .debug_macro   0x0000000000017345      0x1a8 ./Drivers/STM32F1xx_HAL_Driver/Src/stm32f1xx_hal_pcd_ex.o
 .debug_macro   0x00000000000174ed      0x1ba ./Drivers/STM32F1xx_HAL_Driver/Src/stm32f1xx_hal_rcc.o
 .debug_macro   0x00000000000176a7      0x1a8 ./Drivers/STM32F1xx_HAL_Driver/Src/stm32f1xx_hal_rcc_ex.o
 .debug_macro   0x000000000001784f      0x1a8 ./Drivers/STM32F1xx_HAL_Driver/Src/stm32f1xx_ll_usb.o
 .debug_macro   0x00000000000179f7      0x3e5 ./Middlewares/ST/STM32_USB_Device_Library/Class/HID/Src/usbd_hid.o
 .debug_macro   0x0000000000017ddc       0x97 ./Middlewares/ST/STM32_USB_Device_Library/Class/HID/Src/usbd_hid.o
 .debug_macro   0x0000000000017e73       0xfd ./Middlewares/ST/STM32_USB_Device_Library/Class/HID/Src/usbd_hid.o
 .debug_macro   0x0000000000017f70       0x56 ./Middlewares/ST/STM32_USB_Device_Library/Class/HID/Src/usbd_hid.o
 .debug_macro   0x0000000000017fc6      0x3cc ./Middlewares/ST/STM32_USB_Device_Library/Core/Src/usbd_core.o
 .debug_macro   0x0000000000018392      0x1ce ./Middlewares/ST/STM32_USB_Device_Library/Core/Src/usbd_core.o
 .debug_macro   0x0000000000018560      0x3d6 ./Middlewares/ST/STM32_USB_Device_Library/Core/Src/usbd_ctlreq.o
 .debug_macro   0x0000000000018936      0x3d2 ./Middlewares/ST/STM32_USB_Device_Library/Core/Src/usbd_ioreq.o
 .debug_macro   0x0000000000018d08      0x402 ./USB_DEVICE/App/usb_device.o
 .debug_macro   0x000000000001910a       0x22 ./USB_DEVICE/App/usb_device.o
 .debug_macro   0x000000000001912c      0x409 ./USB_DEVICE/App/usbd_desc.o
 .debug_macro   0x0000000000019535       0x1c ./USB_DEVICE/App/usbd_desc.o
 .debug_macro   0x0000000000019551      0x3ef ./USB_DEVICE/Target/usbd_conf.o

.debug_line     0x0000000000000000     0xf5e1
 .debug_line    0x0000000000000000      0x862 ./Core/Src/decode.o
 .debug_line    0x0000000000000862      0xa60 ./Core/Src/eeprom.o
 .debug_line    0x00000000000012c2      0x80b ./Core/Src/init.o
 .debug_line    0x0000000000001acd      0xa84 ./Core/Src/keyscan.o
 .debug_line    0x0000000000002551     0x113e ./Core/Src/main.o
 .debug_line    0x000000000000368f      0x68f ./Core/Src/stm32f1xx_hal_msp.o
 .debug_line    0x0000000000003d1e      0x769 ./Core/Src/stm32f1xx_it.o
 .debug_line    0x0000000000004487      0x6f6 ./Core/Src/system_stm32f1xx.o
 .debug_line    0x0000000000004b7d       0x87 ./Core/Startup/startup_stm32f103c8tx.o
 .debug_line    0x0000000000004c04      0x923 ./Drivers/STM32F1xx_HAL_Driver/Src/stm32f1xx_hal.o
 .debug_line    0x0000000000005527      0xb0b ./Drivers/STM32F1xx_HAL_Driver/Src/stm32f1xx_hal_cortex.o
 .debug_line    0x0000000000006032     0x1311 ./Drivers/STM32F1xx_HAL_Driver/Src/stm32f1xx_hal_pcd.o
 .debug_line    0x0000000000007343      0x6f1 ./Drivers/STM32F1xx_HAL_Driver/Src/stm32f1xx_hal_pcd_ex.o
 .debug_line    0x0000000000007a34      0xd31 ./Drivers/STM32F1xx_HAL_Driver/Src/stm32f1xx_hal_rcc.o
 .debug_line    0x0000000000008765      0x86f ./Drivers/STM32F1xx_HAL_Driver/Src/stm32f1xx_hal_rcc_ex.o
 .debug_line    0x0000000000008fd4     0x1056 ./Drivers/STM32F1xx_HAL_Driver/Src/stm32f1xx_ll_usb.o
 .debug_line    0x000000000000a02a      0xbd4 ./Middlewares/ST/STM32_USB_Device_Library/Class/HID/Src/usbd_hid.o
 .debug_line    0x000000000000abfe      0xd9b ./Middlewares/ST/STM32_USB_Device_Library/Core/Src/usbd_core.o
 .debug_line    0x000000000000b999      0xfbd ./Middlewares/ST/STM32_USB_Device_Library/Core/Src/usbd_ctlreq.o
 .debug_line    0x000000000000c956      0xa31 ./Middlewares/ST/STM32_USB_Device_Library/Core/Src/usbd_ioreq.o
 .debug_line    0x000000000000d387      0x9d6 ./USB_DEVICE/App/usb_device.o
 .debug_line    0x000000000000dd5d      0xaba ./USB_DEVICE/App/usbd_desc.o
 .debug_line    0x000000000000e817      0xdca ./USB_DEVICE/Target/usbd_conf.o

.debug_str      0x0000000000000000    0x84855
 .debug_str     0x0000000000000000    0x7d1b0 ./Core/Src/decode.o
                                      0x7d4f5 (size before relaxing)
 .debug_str     0x000000000007d1b0      0x101 ./Core/Src/eeprom.o
                                      0x7d4a9 (size before relaxing)
 .debug_str     0x000000000007d2b1      0x5f6 ./Core/Src/init.o
                                      0x7d9d2 (size before relaxing)
 .debug_str     0x000000000007d8a7     0x2ea4 ./Core/Src/keyscan.o
                                      0x802a7 (size before relaxing)
 .debug_str     0x000000000008074b     0x2122 ./Core/Src/main.o
                                      0x825ed (size before relaxing)
 .debug_str     0x000000000008286d       0x50 ./Core/Src/stm32f1xx_hal_msp.o
                                      0x7d447 (size before relaxing)
 .debug_str     0x00000000000828bd      0x3d0 ./Core/Src/stm32f1xx_it.o
                                      0x7d81b (size before relaxing)
 .debug_str     0x0000000000082c8d       0x7e ./Core/Src/system_stm32f1xx.o
                                      0x7d3d3 (size before relaxing)
 .debug_str     0x0000000000082d0b       0x36 ./Core/Startup/startup_stm32f103c8tx.o
                                         0x73 (size before relaxing)
 .debug_str     0x0000000000082d41      0x39e ./Drivers/STM32F1xx_HAL_Driver/Src/stm32f1xx_hal.o
                                      0x7db06 (size before relaxing)
 .debug_str     0x00000000000830df      0x262 ./Drivers/STM32F1xx_HAL_Driver/Src/stm32f1xx_hal_cortex.o
                                      0x7da52 (size before relaxing)
 .debug_str     0x0000000000083341      0x590 ./Drivers/STM32F1xx_HAL_Driver/Src/stm32f1xx_hal_pcd.o
                                      0x7dcab (size before relaxing)
 .debug_str     0x00000000000838d1      0x170 ./Drivers/STM32F1xx_HAL_Driver/Src/stm32f1xx_hal_pcd_ex.o
                                      0x7d847 (size before relaxing)
 .debug_str     0x0000000000083a41      0x229 ./Drivers/STM32F1xx_HAL_Driver/Src/stm32f1xx_hal_rcc.o
                                      0x7d802 (size before relaxing)
 .debug_str     0x0000000000083c6a       0x9f ./Drivers/STM32F1xx_HAL_Driver/Src/stm32f1xx_hal_rcc_ex.o
                                      0x7d552 (size before relaxing)
 .debug_str     0x0000000000083d09      0x11d ./Drivers/STM32F1xx_HAL_Driver/Src/stm32f1xx_ll_usb.o
                                      0x7d87a (size before relaxing)
 .debug_str     0x0000000000083e26      0x298 ./Middlewares/ST/STM32_USB_Device_Library/Class/HID/Src/usbd_hid.o
                                      0x82429 (size before relaxing)
 .debug_str     0x00000000000840be      0x298 ./Middlewares/ST/STM32_USB_Device_Library/Core/Src/usbd_core.o
                                      0x822c4 (size before relaxing)
 .debug_str     0x0000000000084356      0x11b ./Middlewares/ST/STM32_USB_Device_Library/Core/Src/usbd_ctlreq.o
                                      0x821de (size before relaxing)
 .debug_str     0x0000000000084471       0x79 ./Middlewares/ST/STM32_USB_Device_Library/Core/Src/usbd_ioreq.o
                                      0x8210b (size before relaxing)
 .debug_str     0x00000000000844ea       0xa2 ./USB_DEVICE/App/usb_device.o
                                      0x82280 (size before relaxing)
 .debug_str     0x000000000008458c      0x251 ./USB_DEVICE/App/usbd_desc.o
                                      0x82040 (size before relaxing)
 .debug_str     0x00000000000847dd       0x78 ./USB_DEVICE/Target/usbd_conf.o
                                      0x82db3 (size before relaxing)

.comment        0x0000000000000000       0x50
 .comment       0x0000000000000000       0x50 ./Core/Src/decode.o
                                         0x51 (size before relaxing)
 .comment       0x0000000000000050       0x51 ./Core/Src/eeprom.o
 .comment       0x0000000000000050       0x51 ./Core/Src/init.o
 .comment       0x0000000000000050       0x51 ./Core/Src/keyscan.o
 .comment       0x0000000000000050       0x51 ./Core/Src/main.o
 .comment       0x0000000000000050       0x51 ./Core/Src/stm32f1xx_hal_msp.o
 .comment       0x0000000000000050       0x51 ./Core/Src/stm32f1xx_it.o
 .comment       0x0000000000000050       0x51 ./Core/Src/system_stm32f1xx.o
 .comment       0x0000000000000050       0x51 ./Drivers/STM32F1xx_HAL_Driver/Src/stm32f1xx_hal.o
 .comment       0x0000000000000050       0x51 ./Drivers/STM32F1xx_HAL_Driver/Src/stm32f1xx_hal_cortex.o
 .comment       0x0000000000000050       0x51 ./Drivers/STM32F1xx_HAL_Driver/Src/stm32f1xx_hal_pcd.o
 .comment       0x0000000000000050       0x51 ./Drivers/STM32F1xx_HAL_Driver/Src/stm32f1xx_hal_pcd_ex.o
 .comment       0x0000000000000050       0x51 ./Drivers/STM32F1xx_HAL_Driver/Src/stm32f1xx_hal_rcc.o
 .comment       0x0000000000000050       0x51 ./Drivers/STM32F1xx_HAL_Driver/Src/stm32f1xx_hal_rcc_ex.o
 .comment       0x0000000000000050       0x51 ./Drivers/STM32F1xx_HAL_Driver/Src/stm32f1xx_ll_usb.o
 .comment       0x0000000000000050       0x51 ./Middlewares/ST/STM32_USB_Device_Library/Class/HID/Src/usbd_hid.o
 .comment       0x0000000000000050       0x51 ./Middlewares/ST/STM32_USB_Device_Library/Core/Src/usbd_core.o
 .comment       0x0000000000000050       0x51 ./Middlewares/ST/STM32_USB_Device_Library/Core/Src/usbd_ctlreq.o
 .comment       0x0000000000000050       0x51 ./Middlewares/ST/STM32_USB_Device_Library/Core/Src/usbd_ioreq.o
 .comment       0x0000000000000050       0x51 ./USB_DEVICE/App/usb_device.o
 .comment       0x0000000000000050       0x51 ./USB_DEVICE/App/usbd_desc.o
 .comment       0x0000000000000050       0x51 ./USB_DEVICE/Target/usbd_conf.o

.debug_frame    0x0000000000000000     0x2d2c
 .debug_frame   0x0000000000000000      0x148 ./Core/Src/decode.o
 .debug_frame   0x0000000000000148      0x214 ./Core/Src/eeprom.o
 .debug_frame   0x000000000000035c      0x13c ./Core/Src/init.o
 .debug_frame   0x0000000000000498      0x168 ./Core/Src/keyscan.o
 .debug_frame   0x0000000000000600      0x2b0 ./Core/Src/main.o
 .debug_frame   0x00000000000008b0       0x38 ./Core/Src/stm32f1xx_hal_msp.o
 .debug_frame   0x00000000000008e8      0x120 ./Core/Src/stm32f1xx_it.o
 .debug_frame   0x0000000000000a08       0x58 ./Core/Src/system_stm32f1xx.o
 .debug_frame   0x0000000000000a60      0x334 ./Drivers/STM32F1xx_HAL_Driver/Src/stm32f1xx_hal.o
 .debug_frame   0x0000000000000d94      0x428 ./Drivers/STM32F1xx_HAL_Driver/Src/stm32f1xx_hal_cortex.o
 .debug_frame   0x00000000000011bc      0x578 ./Drivers/STM32F1xx_HAL_Driver/Src/stm32f1xx_hal_pcd.o
 .debug_frame   0x0000000000001734       0xb0 ./Drivers/STM32F1xx_HAL_Driver/Src/stm32f1xx_hal_pcd_ex.o
 .debug_frame   0x00000000000017e4      0x21c ./Drivers/STM32F1xx_HAL_Driver/Src/stm32f1xx_hal_rcc.o
 .debug_frame   0x0000000000001a00       0x84 ./Drivers/STM32F1xx_HAL_Driver/Src/stm32f1xx_hal_rcc_ex.o
 .debug_frame   0x0000000000001a84      0x450 ./Drivers/STM32F1xx_HAL_Driver/Src/stm32f1xx_ll_usb.o
 .debug_frame   0x0000000000001ed4      0x190 ./Middlewares/ST/STM32_USB_Device_Library/Class/HID/Src/usbd_hid.o
 .debug_frame   0x0000000000002064      0x300 ./Middlewares/ST/STM32_USB_Device_Library/Core/Src/usbd_core.o
 .debug_frame   0x0000000000002364      0x218 ./Middlewares/ST/STM32_USB_Device_Library/Core/Src/usbd_ctlreq.o
 .debug_frame   0x000000000000257c      0x10c ./Middlewares/ST/STM32_USB_Device_Library/Core/Src/usbd_ioreq.o
 .debug_frame   0x0000000000002688       0x2c ./USB_DEVICE/App/usb_device.o
 .debug_frame   0x00000000000026b4      0x160 ./USB_DEVICE/App/usbd_desc.o
 .debug_frame   0x0000000000002814      0x4a4 ./USB_DEVICE/Target/usbd_conf.o
 .debug_frame   0x0000000000002cb8       0x2c c:/st/stm32cubeide_1.11.2/stm32cubeide/plugins/com.st.stm32cube.ide.mcu.externaltools.gnu-tools-for-stm32.10.3-2021.10.win32_1.0.100.202210260954/tools/bin/../lib/gcc/arm-none-eabi/10.3.1/../../../../arm-none-eabi/lib/thumb/v7-m/nofp\libc_nano.a(lib_a-init.o)
 .debug_frame   0x0000000000002ce4       0x28 c:/st/stm32cubeide_1.11.2/stm32cubeide/plugins/com.st.stm32cube.ide.mcu.externaltools.gnu-tools-for-stm32.10.3-2021.10.win32_1.0.100.202210260954/tools/bin/../lib/gcc/arm-none-eabi/10.3.1/../../../../arm-none-eabi/lib/thumb/v7-m/nofp\libc_nano.a(lib_a-memcpy-stub.o)
 .debug_frame   0x0000000000002d0c       0x20 c:/st/stm32cubeide_1.11.2/stm32cubeide/plugins/com.st.stm32cube.ide.mcu.externaltools.gnu-tools-for-stm32.10.3-2021.10.win32_1.0.100.202210260954/tools/bin/../lib/gcc/arm-none-eabi/10.3.1/../../../../arm-none-eabi/lib/thumb/v7-m/nofp\libc_nano.a(lib_a-memset.o)
